<html>
<body>
<pre>
<h1>礦ision Build Log</h1>
<h2>Tool Versions:</h2>
IDE-Version: μVision V5.15
Copyright (C) 2015 ARM Ltd and ARM Germany GmbH. All rights reserved.
License Information: KANG KANG, KANG, LIC=4ZLII-TM2A3-CZFWV-PZWMG-YESB3-UKHMC
 
Tool Versions:
Toolchain:       MDK-ARM Professional  Version: 5.15.0
Toolchain Path:  D:\software\Keil515\ARM\ARMCC\Bin
C Compiler:      Armcc.exe V5.05 update 2 (build 169)
Assembler:       Armasm.exe V5.05 update 2 (build 169)
Linker/Locator:  ArmLink.exe V5.05 update 2 (build 169)
Library Manager: ArmAr.exe V5.05 update 2 (build 169)
Hex Converter:   FromElf.exe V5.05 update 2 (build 169)
CPU DLL:         SARMCM3.DLL V5.15.0
Dialog DLL:      DCM.DLL V1.13.2.0
Target DLL:      STLink\ST-LINKIII-KEIL_SWO.dll V2.0.15.0_KEIL
Dialog DLL:      TCM.DLL V1.14.5.0
 
<h2>Project:</h2>
C:\Users\KANG\Desktop\demoA2019.8.10\demoA2019.8.7\Project\RVMDK（uv5）\BH-F429.uvprojx
Project File Date:  08/07/2019

<h2>Output:</h2>
*** Using Compiler 'V5.05 update 2 (build 169)', folder: 'D:\software\Keil515\ARM\ARMCC\Bin'
Build target 'CAN双机通信'
compiling my_adc.c...
compiling control_task.c...
..\..\Libraries\STM32F4xx_StdPeriph_Driver\inc\my_brake.h(48): warning:  #1295-D: Deprecated declaration test - give arg types
  void test();
..\..\User\control_task.c: 1 warning, 0 errors
linking...
..\..\Output\CAN双机通信.axf: Warning: L6304W: Duplicate input file ..\..\output\_ramfunc.o ignored.
Program Size: Code=11816 RO-data=5960 RW-data=144 ZI-data=4016  
Finished: 0 information, 1 warning and 0 error messages.
FromELF: creating hex file...
"..\..\Output\CAN双机通信.axf" - 0 Error(s), 2 Warning(s).

<h2>Collection of Component include folders:</h2>
  C:\Users\KANG\Desktop\demoA2019.8.10\demoA2019.8.7\Project\RVMDK（uv5）\RTE
  D:\software\Keil515\ARM\PACK\Keil\STM32F4xx_DFP\2.13.0\Drivers\CMSIS\Device\ST\STM32F4xx\Include

<h2>Collection of Component Files used:</h2>
</pre>
</body>
</html>
