Component: ARM Compiler 5.05 update 2 (build 169) Tool: armlink [4d0f33]

==============================================================================

Section Cross References

    startup_stm32f429_439xx.o(RESET) refers to startup_stm32f429_439xx.o(STACK) for __initial_sp
    startup_stm32f429_439xx.o(RESET) refers to startup_stm32f429_439xx.o(.text) for Reset_Handler
    startup_stm32f429_439xx.o(RESET) refers to stm32f4xx_it.o(i.NMI_Handler) for NMI_Handler
    startup_stm32f429_439xx.o(RESET) refers to stm32f4xx_it.o(i.HardFault_Handler) for HardFault_Handler
    startup_stm32f429_439xx.o(RESET) refers to stm32f4xx_it.o(i.MemManage_Handler) for MemManage_Handler
    startup_stm32f429_439xx.o(RESET) refers to stm32f4xx_it.o(i.BusFault_Handler) for BusFault_Handler
    startup_stm32f429_439xx.o(RESET) refers to stm32f4xx_it.o(i.UsageFault_Handler) for UsageFault_Handler
    startup_stm32f429_439xx.o(RESET) refers to stm32f4xx_it.o(i.SVC_Handler) for SVC_Handler
    startup_stm32f429_439xx.o(RESET) refers to stm32f4xx_it.o(i.DebugMon_Handler) for DebugMon_Handler
    startup_stm32f429_439xx.o(RESET) refers to stm32f4xx_it.o(i.PendSV_Handler) for PendSV_Handler
    startup_stm32f429_439xx.o(RESET) refers to stm32f4xx_it.o(i.SysTick_Handler) for SysTick_Handler
    startup_stm32f429_439xx.o(RESET) refers to stm32f4xx_it.o(i.CAN1_RX0_IRQHandler) for CAN1_RX0_IRQHandler
    startup_stm32f429_439xx.o(RESET) refers to stm32f4xx_it.o(i.TIM2_IRQHandler) for TIM2_IRQHandler
    startup_stm32f429_439xx.o(RESET) refers to stm32f4xx_it.o(i.TIM3_IRQHandler) for TIM3_IRQHandler
    startup_stm32f429_439xx.o(RESET) refers to bsp_debug_usart.o(i.USART1_IRQHandler) for USART1_IRQHandler
    startup_stm32f429_439xx.o(RESET) refers to stm32f4xx_it.o(i.USART2_IRQHandler) for USART2_IRQHandler
    startup_stm32f429_439xx.o(RESET) refers to bsp_debug_usart.o(i.UART4_IRQHandler) for UART4_IRQHandler
    startup_stm32f429_439xx.o(.text) refers to system_stm32f4xx.o(i.SystemInit) for SystemInit
    startup_stm32f429_439xx.o(.text) refers to entry.o(.ARM.Collect$$$$00000000) for __main
    system_stm32f4xx.o(i.SystemCoreClockUpdate) refers to system_stm32f4xx.o(.data) for .data
    system_stm32f4xx.o(i.SystemInit) refers to system_stm32f4xx.o(i.SetSysClock) for SetSysClock
    stm32f4xx_adc.o(i.ADC_DeInit) refers to stm32f4xx_rcc.o(i.RCC_APB2PeriphResetCmd) for RCC_APB2PeriphResetCmd
    stm32f4xx_can.o(i.CAN_DeInit) refers to stm32f4xx_rcc.o(i.RCC_APB1PeriphResetCmd) for RCC_APB1PeriphResetCmd
    stm32f4xx_can.o(i.CAN_GetITStatus) refers to stm32f4xx_can.o(i.CheckITStatus) for CheckITStatus
    stm32f4xx_cryp.o(i.CRYP_DeInit) refers to stm32f4xx_rcc.o(i.RCC_AHB2PeriphResetCmd) for RCC_AHB2PeriphResetCmd
    stm32f4xx_cryp_aes.o(i.CRYP_AES_CBC) refers to stm32f4xx_cryp.o(i.CRYP_KeyStructInit) for CRYP_KeyStructInit
    stm32f4xx_cryp_aes.o(i.CRYP_AES_CBC) refers to stm32f4xx_cryp.o(i.CRYP_KeyInit) for CRYP_KeyInit
    stm32f4xx_cryp_aes.o(i.CRYP_AES_CBC) refers to stm32f4xx_cryp.o(i.CRYP_Init) for CRYP_Init
    stm32f4xx_cryp_aes.o(i.CRYP_AES_CBC) refers to stm32f4xx_cryp.o(i.CRYP_IVInit) for CRYP_IVInit
    stm32f4xx_cryp_aes.o(i.CRYP_AES_CBC) refers to stm32f4xx_cryp.o(i.CRYP_FIFOFlush) for CRYP_FIFOFlush
    stm32f4xx_cryp_aes.o(i.CRYP_AES_CBC) refers to stm32f4xx_cryp.o(i.CRYP_Cmd) for CRYP_Cmd
    stm32f4xx_cryp_aes.o(i.CRYP_AES_CBC) refers to stm32f4xx_cryp.o(i.CRYP_GetCmdStatus) for CRYP_GetCmdStatus
    stm32f4xx_cryp_aes.o(i.CRYP_AES_CBC) refers to stm32f4xx_cryp.o(i.CRYP_GetFlagStatus) for CRYP_GetFlagStatus
    stm32f4xx_cryp_aes.o(i.CRYP_AES_CBC) refers to stm32f4xx_cryp.o(i.CRYP_DataIn) for CRYP_DataIn
    stm32f4xx_cryp_aes.o(i.CRYP_AES_CBC) refers to stm32f4xx_cryp.o(i.CRYP_DataOut) for CRYP_DataOut
    stm32f4xx_cryp_aes.o(i.CRYP_AES_CCM) refers to stm32f4xx_cryp.o(i.CRYP_KeyStructInit) for CRYP_KeyStructInit
    stm32f4xx_cryp_aes.o(i.CRYP_AES_CCM) refers to stm32f4xx_cryp.o(i.CRYP_FIFOFlush) for CRYP_FIFOFlush
    stm32f4xx_cryp_aes.o(i.CRYP_AES_CCM) refers to stm32f4xx_cryp.o(i.CRYP_KeyInit) for CRYP_KeyInit
    stm32f4xx_cryp_aes.o(i.CRYP_AES_CCM) refers to stm32f4xx_cryp.o(i.CRYP_IVInit) for CRYP_IVInit
    stm32f4xx_cryp_aes.o(i.CRYP_AES_CCM) refers to stm32f4xx_cryp.o(i.CRYP_Init) for CRYP_Init
    stm32f4xx_cryp_aes.o(i.CRYP_AES_CCM) refers to stm32f4xx_cryp.o(i.CRYP_PhaseConfig) for CRYP_PhaseConfig
    stm32f4xx_cryp_aes.o(i.CRYP_AES_CCM) refers to stm32f4xx_cryp.o(i.CRYP_DataIn) for CRYP_DataIn
    stm32f4xx_cryp_aes.o(i.CRYP_AES_CCM) refers to stm32f4xx_cryp.o(i.CRYP_Cmd) for CRYP_Cmd
    stm32f4xx_cryp_aes.o(i.CRYP_AES_CCM) refers to stm32f4xx_cryp.o(i.CRYP_GetCmdStatus) for CRYP_GetCmdStatus
    stm32f4xx_cryp_aes.o(i.CRYP_AES_CCM) refers to stm32f4xx_cryp.o(i.CRYP_GetFlagStatus) for CRYP_GetFlagStatus
    stm32f4xx_cryp_aes.o(i.CRYP_AES_CCM) refers to stm32f4xx_cryp.o(i.CRYP_DataOut) for CRYP_DataOut
[...]
    ..\..\Libraries\STM32F4xx_StdPeriph_Driver\src\stm32f4xx_flash.c 0x00000000   Number         0  stm32f4xx_flash.o ABSOLUTE
    ..\..\Libraries\STM32F4xx_StdPeriph_Driver\src\stm32f4xx_flash_ramfunc.c 0x00000000   Number         0  stm32f4xx_flash_ramfunc.o ABSOLUTE
    ..\..\Libraries\STM32F4xx_StdPeriph_Driver\src\stm32f4xx_fmc.c 0x00000000   Number         0  stm32f4xx_fmc.o ABSOLUTE
    ..\..\Libraries\STM32F4xx_StdPeriph_Driver\src\stm32f4xx_fmpi2c.c 0x00000000   Number         0  stm32f4xx_fmpi2c.o ABSOLUTE
    ..\..\Libraries\STM32F4xx_StdPeriph_Driver\src\stm32f4xx_gpio.c 0x00000000   Number         0  stm32f4xx_gpio.o ABSOLUTE
    ..\..\Libraries\STM32F4xx_StdPeriph_Driver\src\stm32f4xx_hash.c 0x00000000   Number         0  stm32f4xx_hash.o ABSOLUTE
    ..\..\Libraries\STM32F4xx_StdPeriph_Driver\src\stm32f4xx_hash_md5.c 0x00000000   Number         0  stm32f4xx_hash_md5.o ABSOLUTE
    ..\..\Libraries\STM32F4xx_StdPeriph_Driver\src\stm32f4xx_hash_sha1.c 0x00000000   Number         0  stm32f4xx_hash_sha1.o ABSOLUTE
    ..\..\Libraries\STM32F4xx_StdPeriph_Driver\src\stm32f4xx_i2c.c 0x00000000   Number         0  stm32f4xx_i2c.o ABSOLUTE
    ..\..\Libraries\STM32F4xx_StdPeriph_Driver\src\stm32f4xx_iwdg.c 0x00000000   Number         0  stm32f4xx_iwdg.o ABSOLUTE
    ..\..\Libraries\STM32F4xx_StdPeriph_Driver\src\stm32f4xx_ltdc.c 0x00000000   Number         0  stm32f4xx_ltdc.o ABSOLUTE
    ..\..\Libraries\STM32F4xx_StdPeriph_Driver\src\stm32f4xx_pwr.c 0x00000000   Number         0  stm32f4xx_pwr.o ABSOLUTE
    ..\..\Libraries\STM32F4xx_StdPeriph_Driver\src\stm32f4xx_qspi.c 0x00000000   Number         0  stm32f4xx_qspi.o ABSOLUTE
    ..\..\Libraries\STM32F4xx_StdPeriph_Driver\src\stm32f4xx_rcc.c 0x00000000   Number         0  stm32f4xx_rcc.o ABSOLUTE
    ..\..\Libraries\STM32F4xx_StdPeriph_Driver\src\stm32f4xx_rng.c 0x00000000   Number         0  stm32f4xx_rng.o ABSOLUTE
    ..\..\Libraries\STM32F4xx_StdPeriph_Driver\src\stm32f4xx_rtc.c 0x00000000   Number         0  stm32f4xx_rtc.o ABSOLUTE
    ..\..\Libraries\STM32F4xx_StdPeriph_Driver\src\stm32f4xx_sai.c 0x00000000   Number         0  stm32f4xx_sai.o ABSOLUTE
    ..\..\Libraries\STM32F4xx_StdPeriph_Driver\src\stm32f4xx_sdio.c 0x00000000   Number         0  stm32f4xx_sdio.o ABSOLUTE
    ..\..\Libraries\STM32F4xx_StdPeriph_Driver\src\stm32f4xx_spdifrx.c 0x00000000   Number         0  stm32f4xx_spdifrx.o ABSOLUTE
    ..\..\Libraries\STM32F4xx_StdPeriph_Driver\src\stm32f4xx_spi.c 0x00000000   Number         0  stm32f4xx_spi.o ABSOLUTE
    ..\..\Libraries\STM32F4xx_StdPeriph_Driver\src\stm32f4xx_syscfg.c 0x00000000   Number         0  stm32f4xx_syscfg.o ABSOLUTE
    ..\..\Libraries\STM32F4xx_StdPeriph_Driver\src\stm32f4xx_tim.c 0x00000000   Number         0  stm32f4xx_tim.o ABSOLUTE
    ..\..\Libraries\STM32F4xx_StdPeriph_Driver\src\stm32f4xx_usart.c 0x00000000   Number         0  stm32f4xx_usart.o ABSOLUTE
    ..\..\Libraries\STM32F4xx_StdPeriph_Driver\src\stm32f4xx_wwdg.c 0x00000000   Number         0  stm32f4xx_wwdg.o ABSOLUTE
    ..\..\Libraries\STM32F4xx_StdPeriph_Driver\src\timer.c 0x00000000   Number         0  timer.o ABSOLUTE
    ..\..\User\can\bsp_can.c                 0x00000000   Number         0  bsp_can.o ABSOLUTE
    ..\..\User\control_task.c                0x00000000   Number         0  control_task.o ABSOLUTE
    ..\..\User\data_protocol\data_protocol.c 0x00000000   Number         0  data_protocol.o ABSOLUTE
    ..\..\User\key\bsp_key.c                 0x00000000   Number         0  bsp_key.o ABSOLUTE
    ..\..\User\led\bsp_led.c                 0x00000000   Number         0  bsp_led.o ABSOLUTE
    ..\..\User\main.c                        0x00000000   Number         0  main.o ABSOLUTE
    ..\..\User\oled\GUI_DRV\src\button.c     0x00000000   Number         0  button.o ABSOLUTE
    ..\..\User\oled\GUI_DRV\src\font.c       0x00000000   Number         0  font.o ABSOLUTE
    ..\..\User\oled\GUI_DRV\src\gui_basic.c  0x00000000   Number         0  gui_basic.o ABSOLUTE
    ..\..\User\oled\GUI_DRV\src\gui_menu.c   0x00000000   Number         0  gui_menu.o ABSOLUTE
    ..\..\User\oled\GUI_DRV\src\lcmdrv.c     0x00000000   Number         0  lcmdrv.o ABSOLUTE
    ..\..\User\oled\GUI_DRV\src\messagebox.c 0x00000000   Number         0  messagebox.o ABSOLUTE
    ..\..\User\oled\GUI_DRV\src\scrollbar.c  0x00000000   Number         0  scrollbar.o ABSOLUTE
    ..\..\User\oled\GUI_DRV\src\text.c       0x00000000   Number         0  text.o ABSOLUTE
    ..\..\User\oled\GUI_DRV\src\windows.c    0x00000000   Number         0  windows.o ABSOLUTE
    ..\..\User\oled\oled.c                   0x00000000   Number         0  oled.o ABSOLUTE
    ..\..\User\oled\oled_task.c              0x00000000   Number         0  oled_task.o ABSOLUTE
    ..\..\User\oled\oledfont.c               0x00000000   Number         0  oledfont.o ABSOLUTE
    ..\..\User\pid.c                         0x00000000   Number         0  pid.o ABSOLUTE
    ..\..\User\stm32f4xx_it.c                0x00000000   Number         0  stm32f4xx_it.o ABSOLUTE
    ..\..\User\usart\bsp_debug_usart.c       0x00000000   Number         0  bsp_debug_usart.o ABSOLUTE
    ..\\..\\Libraries\\CMSIS\\Device\\ST\\STM32F4xx\\Source\\Templates\\system_stm32f4xx.c 0x00000000   Number         0  system_stm32f4xx.o ABSOLUTE
    ..\\..\\Libraries\\STM32F4xx_StdPeriph_Driver\\src\\DW_contrl.c 0x00000000   Number         0  dw_contrl.o ABSOLUTE
    ..\\..\\Libraries\\STM32F4xx_StdPeriph_Driver\\src\\autocar.c 0x00000000   Number         0  autocar.o ABSOLUTE
    ..\\..\\Libraries\\STM32F4xx_StdPeriph_Driver\\src\\misc.c 0x00000000   Number         0  misc.o ABSOLUTE
    ..\\..\\Libraries\\STM32F4xx_StdPeriph_Driver\\src\\my_SysTick.c 0x00000000   Number         0  my_systick.o ABSOLUTE
    ..\\..\\Libraries\\STM32F4xx_StdPeriph_Driver\\src\\my_adc.c 0x00000000   Number         0  _ramfunc.o ABSOLUTE
    ..\\..\\Libraries\\STM32F4xx_StdPeriph_Driver\\src\\my_brake.c 0x00000000   Number         0  my_brake.o ABSOLUTE
    ..\\..\\Libraries\\STM32F4xx_StdPeriph_Driver\\src\\my_dac.c 0x00000000   Number         0  my_dac.o ABSOLUTE
    ..\\..\\Libraries\\STM32F4xx_StdPeriph_Driver\\src\\my_rs485.c 0x00000000   Number         0  my_rs485.o ABSOLUTE
    ..\\..\\Libraries\\STM32F4xx_StdPeriph_Driver\\src\\stm32f4xx_adc.c 0x00000000   Number         0  stm32f4xx_adc.o ABSOLUTE
    ..\\..\\Libraries\\STM32F4xx_StdPeriph_Driver\\src\\stm32f4xx_can.c 0x00000000   Number         0  stm32f4xx_can.o ABSOLUTE
    ..\\..\\Libraries\\STM32F4xx_StdPeriph_Driver\\src\\stm32f4xx_cec.c 0x00000000   Number         0  stm32f4xx_cec.o ABSOLUTE
    ..\\..\\Libraries\\STM32F4xx_StdPeriph_Driver\\src\\stm32f4xx_crc.c 0x00000000   Number         0  stm32f4xx_crc.o ABSOLUTE
    ..\\..\\Libraries\\STM32F4xx_StdPeriph_Driver\\src\\stm32f4xx_cryp.c 0x00000000   Number         0  stm32f4xx_cryp.o ABSOLUTE
    ..\\..\\Libraries\\STM32F4xx_StdPeriph_Driver\\src\\stm32f4xx_cryp_aes.c 0x00000000   Number         0  stm32f4xx_cryp_aes.o ABSOLUTE
    ..\\..\\Libraries\\STM32F4xx_StdPeriph_Driver\\src\\stm32f4xx_cryp_des.c 0x00000000   Number         0  stm32f4xx_cryp_des.o ABSOLUTE
    ..\\..\\Libraries\\STM32F4xx_StdPeriph_Driver\\src\\stm32f4xx_cryp_tdes.c 0x00000000   Number         0  stm32f4xx_cryp_tdes.o ABSOLUTE
    ..\\..\\Libraries\\STM32F4xx_StdPeriph_Driver\\src\\stm32f4xx_dac.c 0x00000000   Number         0  stm32f4xx_dac.o ABSOLUTE
    ..\\..\\Libraries\\STM32F4xx_StdPeriph_Driver\\src\\stm32f4xx_dbgmcu.c 0x00000000   Number         0  stm32f4xx_dbgmcu.o ABSOLUTE
    ..\\..\\Libraries\\STM32F4xx_StdPeriph_Driver\\src\\stm32f4xx_dcmi.c 0x00000000   Number         0  stm32f4xx_dcmi.o ABSOLUTE
    ..\\..\\Libraries\\STM32F4xx_StdPeriph_Driver\\src\\stm32f4xx_dma.c 0x00000000   Number         0  stm32f4xx_dma.o ABSOLUTE
    ..\\..\\Libraries\\STM32F4xx_StdPeriph_Driver\\src\\stm32f4xx_dma2d.c 0x00000000   Number         0  stm32f4xx_dma2d.o ABSOLUTE
    ..\\..\\Libraries\\STM32F4xx_StdPeriph_Driver\\src\\stm32f4xx_exti.c 0x00000000   Number         0  stm32f4xx_exti.o ABSOLUTE
    ..\\..\\Libraries\\STM32F4xx_StdPeriph_Driver\\src\\stm32f4xx_flash.c 0x00000000   Number         0  stm32f4xx_flash.o ABSOLUTE
    ..\\..\\Libraries\\STM32F4xx_StdPeriph_Driver\\src\\stm32f4xx_flash_ramfunc.c 0x00000000   Number         0  stm32f4xx_flash_ramfunc.o ABSOLUTE
    ..\\..\\Libraries\\STM32F4xx_StdPeriph_Driver\\src\\stm32f4xx_fmc.c 0x00000000   Number         0  stm32f4xx_fmc.o ABSOLUTE
    ..\\..\\Libraries\\STM32F4xx_StdPeriph_Driver\\src\\stm32f4xx_fmpi2c.c 0x00000000   Number         0  stm32f4xx_fmpi2c.o ABSOLUTE
    ..\\..\\Libraries\\STM32F4xx_StdPeriph_Driver\\src\\stm32f4xx_gpio.c 0x00000000   Number         0  stm32f4xx_gpio.o ABSOLUTE
    ..\\..\\Libraries\\STM32F4xx_StdPeriph_Driver\\src\\stm32f4xx_hash.c 0x00000000   Number         0  stm32f4xx_hash.o ABSOLUTE
    ..\\..\\Libraries\\STM32F4xx_StdPeriph_Driver\\src\\stm32f4xx_hash_md5.c 0x00000000   Number         0  stm32f4xx_hash_md5.o ABSOLUTE
    ..\\..\\Libraries\\STM32F4xx_StdPeriph_Driver\\src\\stm32f4xx_hash_sha1.c 0x00000000   Number         0  stm32f4xx_hash_sha1.o ABSOLUTE
    ..\\..\\Libraries\\STM32F4xx_StdPeriph_Driver\\src\\stm32f4xx_i2c.c 0x00000000   Number         0  stm32f4xx_i2c.o ABSOLUTE
    ..\\..\\Libraries\\STM32F4xx_StdPeriph_Driver\\src\\stm32f4xx_iwdg.c 0x00000000   Number         0  stm32f4xx_iwdg.o ABSOLUTE
    ..\\..\\Libraries\\STM32F4xx_StdPeriph_Driver\\src\\stm32f4xx_ltdc.c 0x00000000   Number         0  stm32f4xx_ltdc.o ABSOLUTE
    ..\\..\\Libraries\\STM32F4xx_StdPeriph_Driver\\src\\stm32f4xx_pwr.c 0x00000000   Number         0  stm32f4xx_pwr.o ABSOLUTE
    ..\\..\\Libraries\\STM32F4xx_StdPeriph_Driver\\src\\stm32f4xx_qspi.c 0x00000000   Number         0  stm32f4xx_qspi.o ABSOLUTE
    ..\\..\\Libraries\\STM32F4xx_StdPeriph_Driver\\src\\stm32f4xx_rcc.c 0x00000000   Number         0  stm32f4xx_rcc.o ABSOLUTE
    ..\\..\\Libraries\\STM32F4xx_StdPeriph_Driver\\src\\stm32f4xx_rng.c 0x00000000   Number         0  stm32f4xx_rng.o ABSOLUTE
    ..\\..\\Libraries\\STM32F4xx_StdPeriph_Driver\\src\\stm32f4xx_rtc.c 0x00000000   Number         0  stm32f4xx_rtc.o ABSOLUTE
    ..\\..\\Libraries\\STM32F4xx_StdPeriph_Driver\\src\\stm32f4xx_sai.c 0x00000000   Number         0  stm32f4xx_sai.o ABSOLUTE
    ..\\..\\Libraries\\STM32F4xx_StdPeriph_Driver\\src\\stm32f4xx_sdio.c 0x00000000   Number         0  stm32f4xx_sdio.o ABSOLUTE
    ..\\..\\Libraries\\STM32F4xx_StdPeriph_Driver\\src\\stm32f4xx_spdifrx.c 0x00000000   Number         0  stm32f4xx_spdifrx.o ABSOLUTE
    ..\\..\\Libraries\\STM32F4xx_StdPeriph_Driver\\src\\stm32f4xx_spi.c 0x00000000   Number         0  stm32f4xx_spi.o ABSOLUTE
    ..\\..\\Libraries\\STM32F4xx_StdPeriph_Driver\\src\\stm32f4xx_syscfg.c 0x00000000   Number         0  stm32f4xx_syscfg.o ABSOLUTE
    ..\\..\\Libraries\\STM32F4xx_StdPeriph_Driver\\src\\stm32f4xx_tim.c 0x00000000   Number         0  stm32f4xx_tim.o ABSOLUTE
    ..\\..\\Libraries\\STM32F4xx_StdPeriph_Driver\\src\\stm32f4xx_usart.c 0x00000000   Number         0  stm32f4xx_usart.o ABSOLUTE
    ..\\..\\Libraries\\STM32F4xx_StdPeriph_Driver\\src\\stm32f4xx_wwdg.c 0x00000000   Number         0  stm32f4xx_wwdg.o ABSOLUTE
    ..\\..\\Libraries\\STM32F4xx_StdPeriph_Driver\\src\\timer.c 0x00000000   Number         0  timer.o ABSOLUTE
    ..\\..\\User\\can\\bsp_can.c             0x00000000   Number         0  bsp_can.o ABSOLUTE
    ..\\..\\User\\control_task.c             0x00000000   Number         0  control_task.o ABSOLUTE
    ..\\..\\User\\data_protocol\\data_protocol.c 0x00000000   Number         0  data_protocol.o ABSOLUTE
    ..\\..\\User\\key\\bsp_key.c             0x00000000   Number         0  bsp_key.o ABSOLUTE
    ..\\..\\User\\led\\bsp_led.c             0x00000000   Number         0  bsp_led.o ABSOLUTE
    ..\\..\\User\\main.c                     0x00000000   Number         0  main.o ABSOLUTE
    ..\\..\\User\\oled\\GUI_DRV\\src\\button.c 0x00000000   Number         0  button.o ABSOLUTE
    ..\\..\\User\\oled\\GUI_DRV\\src\\gui_menu.c 0x00000000   Number         0  gui_menu.o ABSOLUTE
    ..\\..\\User\\oled\\GUI_DRV\\src\\lcmdrv.c 0x00000000   Number         0  lcmdrv.o ABSOLUTE
    ..\\..\\User\\oled\\GUI_DRV\\src\\scrollbar.c 0x00000000   Number         0  scrollbar.o ABSOLUTE
    ..\\..\\User\\oled\\GUI_DRV\\src\\text.c 0x00000000   Number         0  text.o ABSOLUTE
    ..\\..\\User\\oled\\oled.c               0x00000000   Number         0  oled.o ABSOLUTE
    ..\\..\\User\\oled\\oled_task.c          0x00000000   Number         0  oled_task.o ABSOLUTE
    ..\\..\\User\\pid.c                      0x00000000   Number         0  pid.o ABSOLUTE
    ..\\..\\User\\stm32f4xx_it.c             0x00000000   Number         0  stm32f4xx_it.o ABSOLUTE
    ..\\..\\User\\usart\\bsp_debug_usart.c   0x00000000   Number         0  bsp_debug_usart.o ABSOLUTE
    dc.s                                     0x00000000   Number         0  dc.o ABSOLUTE
    handlers.s                               0x00000000   Number         0  handlers.o ABSOLUTE
    init.s                                   0x00000000   Number         0  init.o ABSOLUTE
    RESET                                    0x08000000   Section      428  startup_stm32f429_439xx.o(RESET)
    .ARM.Collect$$$$00000000                 0x080001ac   Section        0  entry.o(.ARM.Collect$$$$00000000)
    .ARM.Collect$$$$00000001                 0x080001ac   Section        4  entry2.o(.ARM.Collect$$$$00000001)
    .ARM.Collect$$$$00000004                 0x080001b0   Section        4  entry5.o(.ARM.Collect$$$$00000004)
    .ARM.Collect$$$$00000008                 0x080001b4   Section        0  entry7b.o(.ARM.Collect$$$$00000008)
    .ARM.Collect$$$$0000000A                 0x080001b4   Section        0  entry8b.o(.ARM.Collect$$$$0000000A)
    .ARM.Collect$$$$0000000B                 0x080001b4   Section        8  entry9a.o(.ARM.Collect$$$$0000000B)
    .ARM.Collect$$$$0000000D                 0x080001bc   Section        0  entry10a.o(.ARM.Collect$$$$0000000D)
    .ARM.Collect$$$$0000000F                 0x080001bc   Section        0  entry11a.o(.ARM.Collect$$$$0000000F)
    .ARM.Collect$$$$00002712                 0x080001bc   Section        4  entry2.o(.ARM.Collect$$$$00002712)
    __lit__00000000                          0x080001bc   Data           4  entry2.o(.ARM.Collect$$$$00002712)
    .text                                    0x080001c0   Section       36  startup_stm32f429_439xx.o(.text)
    $v0                                      0x080001c0   Number         0  startup_stm32f429_439xx.o(.text)
    .text                                    0x080001e4   Section        0  dmul.o(.text)
    .text                                    0x080002c8   Section        0  dfltui.o(.text)
    .text                                    0x080002e2   Section        0  dfixui.o(.text)
    .text                                    0x08000314   Section        0  llushr.o(.text)
    .text                                    0x08000334   Section        0  depilogue.o(.text)
    .text                                    0x08000334   Section        0  iusefp.o(.text)
    .text                                    0x080003f0   Section       36  init.o(.text)
    .text                                    0x08000414   Section        0  llshl.o(.text)
    i.ADC_Cmd                                0x08000432   Section        0  stm32f4xx_adc.o(i.ADC_Cmd)
    i.ADC_CommonInit                         0x0800044c   Section        0  stm32f4xx_adc.o(i.ADC_CommonInit)
    i.ADC_Init                               0x08000474   Section        0  stm32f4xx_adc.o(i.ADC_Init)
    i.ADC_RegularChannelConfig               0x080004c0   Section        0  stm32f4xx_adc.o(i.ADC_RegularChannelConfig)
    i.Adc_Init                               0x08000534   Section        0  _ramfunc.o(i.Adc_Init)
    i.BluetoothDebugUsartConfig              0x080005c0   Section        0  bsp_debug_usart.o(i.BluetoothDebugUsartConfig)
    i.BluetoothDebugUsartEnable              0x08000674   Section        0  bsp_debug_usart.o(i.BluetoothDebugUsartEnable)
    i.BluetoothRemoteCheckTask               0x0800069c   Section        0  data_protocol.o(i.BluetoothRemoteCheckTask)
    i.BusFault_Handler                       0x080006c8   Section        0  stm32f4xx_it.o(i.BusFault_Handler)
    i.CAN1_RX0_IRQHandler                    0x080006cc   Section        0  stm32f4xx_it.o(i.CAN1_RX0_IRQHandler)
    i.CAN_ClearITPendingBit                  0x08000760   Section        0  stm32f4xx_can.o(i.CAN_ClearITPendingBit)
    i.CAN_Config                             0x080007e8   Section        0  bsp_can.o(i.CAN_Config)
    i.CAN_DeInit                             0x08000800   Section        0  stm32f4xx_can.o(i.CAN_DeInit)
    i.CAN_FilterInit                         0x08000838   Section        0  stm32f4xx_can.o(i.CAN_FilterInit)
    i.CAN_Filter_Config                      0x0800090c   Section        0  bsp_can.o(i.CAN_Filter_Config)
    CAN_Filter_Config                        0x0800090d   Thumb Code    60  bsp_can.o(i.CAN_Filter_Config)
    i.CAN_GPIO_Config                        0x0800094c   Section        0  bsp_can.o(i.CAN_GPIO_Config)
    CAN_GPIO_Config                          0x0800094d   Thumb Code    84  bsp_can.o(i.CAN_GPIO_Config)
    i.CAN_GetITStatus                        0x080009a4   Section        0  stm32f4xx_can.o(i.CAN_GetITStatus)
    i.CAN_ITConfig                           0x08000a70   Section        0  stm32f4xx_can.o(i.CAN_ITConfig)
    i.CAN_Init                               0x08000a84   Section        0  stm32f4xx_can.o(i.CAN_Init)
    i.CAN_Mode_Config                        0x08000b88   Section        0  bsp_can.o(i.CAN_Mode_Config)
    CAN_Mode_Config                          0x08000b89   Thumb Code    88  bsp_can.o(i.CAN_Mode_Config)
    i.CAN_NVIC_Config                        0x08000be4   Section        0  bsp_can.o(i.CAN_NVIC_Config)
    CAN_NVIC_Config                          0x08000be5   Thumb Code    40  bsp_can.o(i.CAN_NVIC_Config)
    i.CAN_Receive                            0x08000c0c   Section        0  stm32f4xx_can.o(i.CAN_Receive)
    i.CAN_SetMsg                             0x08000c90   Section        0  bsp_can.o(i.CAN_SetMsg)
    i.CAN_StructInit                         0x08000cc4   Section        0  stm32f4xx_can.o(i.CAN_StructInit)
    i.CAN_Transmit                           0x08000ce4   Section        0  stm32f4xx_can.o(i.CAN_Transmit)
    i.CheckITStatus                          0x08000d9a   Section        0  stm32f4xx_can.o(i.CheckITStatus)
    CheckITStatus                            0x08000d9b   Thumb Code    12  stm32f4xx_can.o(i.CheckITStatus)
    i.ConnectCheck                           0x08000da8   Section        0  data_protocol.o(i.ConnectCheck)
    i.ConnectCheckErrorTask                  0x08000dd8   Section        0  data_protocol.o(i.ConnectCheckErrorTask)
    i.ControlReset                           0x08000dec   Section        0  control_task.o(i.ControlReset)
    i.ControlTask                            0x08000e08   Section        0  control_task.o(i.ControlTask)
    i.DAC_Cmd                                0x08000f14   Section        0  stm32f4xx_dac.o(i.DAC_Cmd)
    i.DAC_Config                             0x08000f34   Section        0  my_dac.o(i.DAC_Config)
    DAC_Config                               0x08000f35   Thumb Code   108  my_dac.o(i.DAC_Config)
    i.DAC_DMACmd                             0x08000fa8   Section        0  stm32f4xx_dac.o(i.DAC_DMACmd)
    i.DAC_DMA_Config                         0x08000fc8   Section        0  my_dac.o(i.DAC_DMA_Config)
    DAC_DMA_Config                           0x08000fc9   Thumb Code    82  my_dac.o(i.DAC_DMA_Config)
    i.DAC_GPIO_Config                        0x08001028   Section        0  my_dac.o(i.DAC_GPIO_Config)
    i.DAC_Init                               0x08001064   Section        0  stm32f4xx_dac.o(i.DAC_Init)
    i.DAC_Mode_Init                          0x0800108c   Section        0  my_dac.o(i.DAC_Mode_Init)
    i.DAC_SetChannel2Data                    0x080010a0   Section        0  stm32f4xx_dac.o(i.DAC_SetChannel2Data)
    i.DAC_SoftwareTriggerCmd                 0x080010b4   Section        0  stm32f4xx_dac.o(i.DAC_SoftwareTriggerCmd)
    i.DAC_TIM_Config                         0x080010d4   Section        0  my_dac.o(i.DAC_TIM_Config)
    DAC_TIM_Config                           0x080010d5   Thumb Code    54  my_dac.o(i.DAC_TIM_Config)
    i.DMA_Init                               0x08001110   Section        0  stm32f4xx_dma.o(i.DMA_Init)
    i.DW_Back                                0x08001164   Section        0  dw_contrl.o(i.DW_Back)
    i.DW_Front                               0x08001180   Section        0  dw_contrl.o(i.DW_Front)
    i.DW_GPIO_Config                         0x0800119c   Section        0  dw_contrl.o(i.DW_GPIO_Config)
    i.DW_Neutral                             0x08001234   Section        0  dw_contrl.o(i.DW_Neutral)
    i.DataProcotolInit                       0x08001250   Section        0  data_protocol.o(i.DataProcotolInit)
    i.DataProtocolPrepareParsed              0x08001260   Section        0  data_protocol.o(i.DataProtocolPrepareParsed)
    i.Data_Receive_Parsed                    0x08001308   Section        0  data_protocol.o(i.Data_Receive_Parsed)
    i.DebugMon_Handler                       0x08001394   Section        0  stm32f4xx_it.o(i.DebugMon_Handler)
    i.Delay_us                               0x08001398   Section        0  my_systick.o(i.Delay_us)
    i.DriverlessUsartConfig                  0x080013ac   Section        0  bsp_debug_usart.o(i.DriverlessUsartConfig)
    i.DriverlessUsartEnable                  0x08001460   Section        0  bsp_debug_usart.o(i.DriverlessUsartEnable)
    i.Driverless_DataProtocolPrepareParsed   0x08001488   Section        0  data_protocol.o(i.Driverless_DataProtocolPrepareParsed)
    i.Driverless_Data_Receive_Parsed         0x08001530   Section        0  data_protocol.o(i.Driverless_Data_Receive_Parsed)
    i.GPIO_Init                              0x080015a0   Section        0  stm32f4xx_gpio.o(i.GPIO_Init)
    i.GPIO_PinAFConfig                       0x0800161c   Section        0  stm32f4xx_gpio.o(i.GPIO_PinAFConfig)
    i.GPIO_ReadInputDataBit                  0x0800163c   Section        0  stm32f4xx_gpio.o(i.GPIO_ReadInputDataBit)
    i.GPIO_ResetBits                         0x0800164a   Section        0  stm32f4xx_gpio.o(i.GPIO_ResetBits)
    i.GPIO_SetBits                           0x0800164e   Section        0  stm32f4xx_gpio.o(i.GPIO_SetBits)
    i.HardFault_Handler                      0x08001652   Section        0  stm32f4xx_it.o(i.HardFault_Handler)
    i.Init_RxMes                             0x08001654   Section        0  bsp_can.o(i.Init_RxMes)
    i.LED_GPIO_Config                        0x08001674   Section        0  bsp_led.o(i.LED_GPIO_Config)
    i.MY_DAC_Config                          0x080016e8   Section        0  my_dac.o(i.MY_DAC_Config)
    i.MemManage_Handler                      0x08001734   Section        0  stm32f4xx_it.o(i.MemManage_Handler)
    i.NMI_Handler                            0x08001736   Section        0  stm32f4xx_it.o(i.NMI_Handler)
    i.NVIC_Configuration                     0x08001738   Section        0  my_rs485.o(i.NVIC_Configuration)
    NVIC_Configuration                       0x08001739   Thumb Code    38  my_rs485.o(i.NVIC_Configuration)
    i.NVIC_Init                              0x08001760   Section        0  misc.o(i.NVIC_Init)
    i.NVIC_PriorityGroupConfig               0x080017c8   Section        0  misc.o(i.NVIC_PriorityGroupConfig)
    i.PID_Cal                                0x080017dc   Section        0  pid.o(i.PID_Cal)
    i.PID_ParamInit                          0x080018b4   Section        0  pid.o(i.PID_ParamInit)
    i.PendSV_Handler                         0x08001908   Section        0  stm32f4xx_it.o(i.PendSV_Handler)
    i.RCC_AHB1PeriphClockCmd                 0x0800190c   Section        0  stm32f4xx_rcc.o(i.RCC_AHB1PeriphClockCmd)
    i.RCC_APB1PeriphClockCmd                 0x08001928   Section        0  stm32f4xx_rcc.o(i.RCC_APB1PeriphClockCmd)
    i.RCC_APB1PeriphResetCmd                 0x08001944   Section        0  stm32f4xx_rcc.o(i.RCC_APB1PeriphResetCmd)
    i.RCC_APB2PeriphClockCmd                 0x08001960   Section        0  stm32f4xx_rcc.o(i.RCC_APB2PeriphClockCmd)
    i.RCC_APB2PeriphResetCmd                 0x0800197c   Section        0  stm32f4xx_rcc.o(i.RCC_APB2PeriphResetCmd)
    i.RCC_GetClocksFreq                      0x08001998   Section        0  stm32f4xx_rcc.o(i.RCC_GetClocksFreq)
    i.RemoteCtlTask                          0x08001a3c   Section        0  control_task.o(i.RemoteCtlTask)
    i.SVC_Handler                            0x08001adc   Section        0  stm32f4xx_it.o(i.SVC_Handler)
    i.Serial_Send_Data_2                     0x08001ade   Section        0  data_protocol.o(i.Serial_Send_Data_2)
    i.SetSysClock                            0x08001ae4   Section        0  system_stm32f4xx.o(i.SetSysClock)
    SetSysClock                              0x08001ae5   Thumb Code   196  system_stm32f4xx.o(i.SetSysClock)
    i.SysTick_Handler                        0x08001bb8   Section        0  stm32f4xx_it.o(i.SysTick_Handler)
    i.SysTick_Init                           0x08001d34   Section        0  my_systick.o(i.SysTick_Init)
    i.SystemInit                             0x08001d74   Section        0  system_stm32f4xx.o(i.SystemInit)
    i.TIM2_Configuration                     0x08001dd0   Section        0  timer.o(i.TIM2_Configuration)
    i.TIM2_IRQHandler                        0x08001dde   Section        0  stm32f4xx_it.o(i.TIM2_IRQHandler)
    i.TIM2_Mode_Config                       0x08001e00   Section        0  timer.o(i.TIM2_Mode_Config)
    TIM2_Mode_Config                         0x08001e01   Thumb Code    72  timer.o(i.TIM2_Mode_Config)
    i.TIM2_NVIC_Configuration                0x08001e48   Section        0  timer.o(i.TIM2_NVIC_Configuration)
    TIM2_NVIC_Configuration                  0x08001e49   Thumb Code    40  timer.o(i.TIM2_NVIC_Configuration)
    i.TIM3_IRQHandler                        0x08001e70   Section        0  stm32f4xx_it.o(i.TIM3_IRQHandler)
    i.TIM_ClearFlag                          0x08001e94   Section        0  stm32f4xx_tim.o(i.TIM_ClearFlag)
    i.TIM_ClearITPendingBit                  0x08001e9a   Section        0  stm32f4xx_tim.o(i.TIM_ClearITPendingBit)
    i.TIM_Cmd                                0x08001ea0   Section        0  stm32f4xx_tim.o(i.TIM_Cmd)
    i.TIM_GetITStatus                        0x08001eb8   Section        0  stm32f4xx_tim.o(i.TIM_GetITStatus)
    i.TIM_ITConfig                           0x08001ed0   Section        0  stm32f4xx_tim.o(i.TIM_ITConfig)
    i.TIM_SelectOutputTrigger                0x08001ee4   Section        0  stm32f4xx_tim.o(i.TIM_SelectOutputTrigger)
    i.TIM_TimeBaseInit                       0x08001ef4   Section        0  stm32f4xx_tim.o(i.TIM_TimeBaseInit)
    i.TimingDelay_Decrement                  0x08001f70   Section        0  my_systick.o(i.TimingDelay_Decrement)
    i.UART4_IRQHandler                       0x08001f84   Section        0  bsp_debug_usart.o(i.UART4_IRQHandler)
    i.USART1_IRQHandler                      0x08001ff8   Section        0  bsp_debug_usart.o(i.USART1_IRQHandler)
    i.USART1_Put_Buf                         0x08002064   Section        0  bsp_debug_usart.o(i.USART1_Put_Buf)
    i.USART2_IRQHandler                      0x080020a4   Section        0  stm32f4xx_it.o(i.USART2_IRQHandler)
    i.USART_ClearFlag                        0x080020e0   Section        0  stm32f4xx_usart.o(i.USART_ClearFlag)
    i.USART_ClearITPendingBit                0x080020e8   Section        0  stm32f4xx_usart.o(i.USART_ClearITPendingBit)
    i.USART_ClockInit                        0x080020f8   Section        0  stm32f4xx_usart.o(i.USART_ClockInit)
    i.USART_Cmd                              0x08002114   Section        0  stm32f4xx_usart.o(i.USART_Cmd)
    i.USART_GetFlagStatus                    0x0800212c   Section        0  stm32f4xx_usart.o(i.USART_GetFlagStatus)
    i.USART_GetITStatus                      0x0800213a   Section        0  stm32f4xx_usart.o(i.USART_GetITStatus)
    i.USART_ITConfig                         0x0800217a   Section        0  stm32f4xx_usart.o(i.USART_ITConfig)
    i.USART_Init                             0x080021b0   Section        0  stm32f4xx_usart.o(i.USART_Init)
    i.USART_ReceiveData                      0x0800226c   Section        0  stm32f4xx_usart.o(i.USART_ReceiveData)
    i.UsageFault_Handler                     0x08002274   Section        0  stm32f4xx_it.o(i.UsageFault_Handler)
    i._485_Config                            0x08002278   Section        0  my_rs485.o(i._485_Config)
    i.__scatterload_copy                     0x08002344   Section       14  handlers.o(i.__scatterload_copy)
    i.__scatterload_null                     0x08002352   Section        2  handlers.o(i.__scatterload_null)
    i.__scatterload_zeroinit                 0x08002354   Section       14  handlers.o(i.__scatterload_zeroinit)
    i.all_init                               0x08002364   Section        0  autocar.o(i.all_init)
    i.bsp_485_IRQHandler                     0x080023c0   Section        0  my_rs485.o(i.bsp_485_IRQHandler)
    i.can_Transmit_process                   0x080024ac   Section        0  autocar.o(i.can_Transmit_process)
    i.can_receive_process                    0x080024d0   Section        0  autocar.o(i.can_receive_process)
    i.getRxHearBeatData                      0x080024fc   Section        0  data_protocol.o(i.getRxHearBeatData)
    i.get_angle                              0x08002508   Section        0  my_rs485.o(i.get_angle)
    i.iic_delay                              0x0800254c   Section        0  oled.o(i.iic_delay)
    i.iic_start                              0x08002568   Section        0  oled.o(i.iic_start)
    i.iic_stop                               0x080025b0   Section        0  oled.o(i.iic_stop)
    i.iic_waitAck                            0x080025f8   Section        0  oled.o(i.iic_waitAck)
    i.iic_write_byte                         0x08002620   Section        0  oled.o(i.iic_write_byte)
    i.iic_write_command                      0x0800268c   Section        0  oled.o(i.iic_write_command)
    i.iic_write_data                         0x080026ba   Section        0  oled.o(i.iic_write_data)
    i.main                                   0x080026e8   Section        0  main.o(i.main)
    i.model_change                           0x08002880   Section        0  dw_contrl.o(i.model_change)
    i.mypow                                  0x080028d8   Section        0  oled.o(i.mypow)
    i.oledDisplayInit                        0x080028e8   Section        0  oled.o(i.oledDisplayInit)
    i.oledGpioConfig                         0x080029e8   Section        0  oled.o(i.oledGpioConfig)
    i.oled_clear                             0x08002a38   Section        0  oled.o(i.oled_clear)
    i.oled_drawPoint                         0x08002a64   Section        0  oled.o(i.oled_drawPoint)
    i.oled_refreshGram                       0x08002aa0   Section        0  oled.o(i.oled_refreshGram)
    i.oled_showChar                          0x08002ae8   Section        0  oled.o(i.oled_showChar)
    i.oled_showPicture                       0x08002bcc   Section        0  oled.o(i.oled_showPicture)
    i.oled_showRealNum                       0x08002c92   Section        0  oled.o(i.oled_showRealNum)
    i.oled_showString                        0x08002d48   Section        0  oled.o(i.oled_showString)
    i.oled_wr_byte                           0x08002d9c   Section        0  oled.o(i.oled_wr_byte)
    i.posotion_choose                        0x08002da8   Section        0  my_brake.o(i.posotion_choose)
    i.sendCarInfoInBluetooth                 0x08002e04   Section        0  control_task.o(i.sendCarInfoInBluetooth)
    i.setThrottleVal                         0x08002e98   Section        0  my_dac.o(i.setThrottleVal)
    i.simple_speed                           0x08002eb8   Section        0  autocar.o(i.simple_speed)
    i.step_motor_GPIO_Config                 0x08002f1c   Section        0  my_brake.o(i.step_motor_GPIO_Config)
    i.throttle_change                        0x08002f98   Section        0  my_dac.o(i.throttle_change)
    .constdata                               0x08002fd4   Section      570  font.o(.constdata)
    .constdata                               0x0800320e   Section     1140  font.o(.constdata)
    .constdata                               0x08003682   Section     3420  font.o(.constdata)
    .constdata                               0x080043de   Section      368  font.o(.constdata)
    .data                                    0x20000000   Section       20  system_stm32f4xx.o(.data)
    .data                                    0x20000014   Section       16  stm32f4xx_rcc.o(.data)
    APBAHBPrescTable                         0x20000014   Data          16  stm32f4xx_rcc.o(.data)
    .data                                    0x20000024   Section        4  main.o(.data)
    .data                                    0x20000028   Section        4  main.o(.data)
    .data                                    0x2000002c   Section       20  stm32f4xx_it.o(.data)
    .data                                    0x20000040   Section        2  bsp_debug_usart.o(.data)
    .data                                    0x20000044   Section       28  autocar.o(.data)
    .data                                    0x20000060   Section        4  my_dac.o(.data)
    .data                                    0x20000064   Section        4  my_systick.o(.data)
    TimingDelay                              0x20000064   Data           4  my_systick.o(.data)
    .data                                    0x20000068   Section       16  my_rs485.o(.data)
    i                                        0x2000006a   Data           1  my_rs485.o(.data)
    z                                        0x2000006b   Data           1  my_rs485.o(.data)
    .data                                    0x20000078   Section       12  data_protocol.o(.data)
    _data_len                                0x20000078   Data           1  data_protocol.o(.data)
    _data_cnt                                0x20000079   Data           1  data_protocol.o(.data)
    state                                    0x2000007a   Data           1  data_protocol.o(.data)
    _data_len                                0x2000007b   Data           1  data_protocol.o(.data)
    _data_cnt                                0x2000007c   Data           1  data_protocol.o(.data)
    state                                    0x2000007d   Data           1  data_protocol.o(.data)
    last_time_heart_beat                     0x2000007e   Data           2  data_protocol.o(.data)
    error_times                              0x20000080   Data           2  data_protocol.o(.data)
    cycle_times                              0x20000082   Data           2  data_protocol.o(.data)
    .data                                    0x20000084   Section       10  control_task.o(.data)
    time_count                               0x20000084   Data           2  control_task.o(.data)
    .bss                                     0x20000090   Section       20  main.o(.bss)
    .bss                                     0x200000a4   Section       20  main.o(.bss)
    .bss                                     0x200000b8   Section      306  bsp_debug_usart.o(.bss)
    .bss                                     0x200001ec   Section     1016  my_dac.o(.bss)
    .bss                                     0x200005e4   Section       20  my_rs485.o(.bss)
    .bss                                     0x200005f8   Section      438  data_protocol.o(.bss)
    RxBuffer                                 0x200005f8   Data          50  data_protocol.o(.bss)
    RxBuffer                                 0x2000062a   Data          50  data_protocol.o(.bss)
    .bss                                     0x200007b0   Section       16  control_task.o(.bss)
    .bss                                     0x200007c0   Section      128  pid.o(.bss)
    .bss                                     0x20000840   Section     1024  oled.o(.bss)
    oledGram                                 0x20000840   Data        1024  oled.o(.bss)
    STACK                                    0x20000c40   Section     1024  startup_stm32f429_439xx.o(STACK)

    Global Symbols

    Symbol Name                              Value     Ov Type        Size  Object(Section)

    BuildAttributes$$THM_ISAv4$E$P$D$K$B$S$7EM$VFPi3$EXTD16$VFPS$VFMA$PE$A:L22UL41UL21$X:L11$S22US41US21$IEEE1$IW$USESV6$~STKCKD$USESV7$~SHL$OSPACE$ROPI$EBA8$MICROLIB$REQ8$PRES8$EABIv2 0x00000000   Number         0  anon$$obj.o ABSOLUTE
    __ARM_use_no_argv                        0x00000000   Number         0  main.o ABSOLUTE
    __cpp_initialize__aeabi_                  - Undefined Weak Reference
    __cxa_finalize                            - Undefined Weak Reference
    __decompress                              - Undefined Weak Reference
    _clock_init                               - Undefined Weak Reference
    _microlib_exit                            - Undefined Weak Reference
    __Vectors_Size                           0x000001ac   Number         0  startup_stm32f429_439xx.o ABSOLUTE
    __Vectors                                0x08000000   Data           4  startup_stm32f429_439xx.o(RESET)
    __Vectors_End                            0x080001ac   Data           0  startup_stm32f429_439xx.o(RESET)
    __main                                   0x080001ad   Thumb Code     0  entry.o(.ARM.Collect$$$$00000000)
    _main_stk                                0x080001ad   Thumb Code     0  entry2.o(.ARM.Collect$$$$00000001)
    _main_scatterload                        0x080001b1   Thumb Code     0  entry5.o(.ARM.Collect$$$$00000004)
    __main_after_scatterload                 0x080001b5   Thumb Code     0  entry5.o(.ARM.Collect$$$$00000004)
    _main_clock                              0x080001b5   Thumb Code     0  entry7b.o(.ARM.Collect$$$$00000008)
    _main_cpp_init                           0x080001b5   Thumb Code     0  entry8b.o(.ARM.Collect$$$$0000000A)
    _main_init                               0x080001b5   Thumb Code     0  entry9a.o(.ARM.Collect$$$$0000000B)
    __rt_final_cpp                           0x080001bd   Thumb Code     0  entry10a.o(.ARM.Collect$$$$0000000D)
    __rt_final_exit                          0x080001bd   Thumb Code     0  entry11a.o(.ARM.Collect$$$$0000000F)
    Reset_Handler                            0x080001c1   Thumb Code     8  startup_stm32f429_439xx.o(.text)
    ADC_IRQHandler                           0x080001db   Thumb Code     0  startup_stm32f429_439xx.o(.text)
    CAN1_RX1_IRQHandler                      0x080001db   Thumb Code     0  startup_stm32f429_439xx.o(.text)
    CAN1_SCE_IRQHandler                      0x080001db   Thumb Code     0  startup_stm32f429_439xx.o(.text)
    CAN1_TX_IRQHandler                       0x080001db   Thumb Code     0  startup_stm32f429_439xx.o(.text)
    CAN2_RX0_IRQHandler                      0x080001db   Thumb Code     0  startup_stm32f429_439xx.o(.text)
    CAN2_RX1_IRQHandler                      0x080001db   Thumb Code     0  startup_stm32f429_439xx.o(.text)
    CAN2_SCE_IRQHandler                      0x080001db   Thumb Code     0  startup_stm32f429_439xx.o(.text)
    CAN2_TX_IRQHandler                       0x080001db   Thumb Code     0  startup_stm32f429_439xx.o(.text)
    CRYP_IRQHandler                          0x080001db   Thumb Code     0  startup_stm32f429_439xx.o(.text)
    DCMI_IRQHandler                          0x080001db   Thumb Code     0  startup_stm32f429_439xx.o(.text)
    DMA1_Stream0_IRQHandler                  0x080001db   Thumb Code     0  startup_stm32f429_439xx.o(.text)
    DMA1_Stream1_IRQHandler                  0x080001db   Thumb Code     0  startup_stm32f429_439xx.o(.text)
    DMA1_Stream2_IRQHandler                  0x080001db   Thumb Code     0  startup_stm32f429_439xx.o(.text)
    DMA1_Stream3_IRQHandler                  0x080001db   Thumb Code     0  startup_stm32f429_439xx.o(.text)
    DMA1_Stream4_IRQHandler                  0x080001db   Thumb Code     0  startup_stm32f429_439xx.o(.text)
    DMA1_Stream5_IRQHandler                  0x080001db   Thumb Code     0  startup_stm32f429_439xx.o(.text)
    DMA1_Stream6_IRQHandler                  0x080001db   Thumb Code     0  startup_stm32f429_439xx.o(.text)
    DMA1_Stream7_IRQHandler                  0x080001db   Thumb Code     0  startup_stm32f429_439xx.o(.text)
    DMA2D_IRQHandler                         0x080001db   Thumb Code     0  startup_stm32f429_439xx.o(.text)
    DMA2_Stream0_IRQHandler                  0x080001db   Thumb Code     0  startup_stm32f429_439xx.o(.text)
    DMA2_Stream1_IRQHandler                  0x080001db   Thumb Code     0  startup_stm32f429_439xx.o(.text)
    DMA2_Stream2_IRQHandler                  0x080001db   Thumb Code     0  startup_stm32f429_439xx.o(.text)
    DMA2_Stream3_IRQHandler                  0x080001db   Thumb Code     0  startup_stm32f429_439xx.o(.text)
    DMA2_Stream4_IRQHandler                  0x080001db   Thumb Code     0  startup_stm32f429_439xx.o(.text)
    DMA2_Stream5_IRQHandler                  0x080001db   Thumb Code     0  startup_stm32f429_439xx.o(.text)
    DMA2_Stream6_IRQHandler                  0x080001db   Thumb Code     0  startup_stm32f429_439xx.o(.text)
    DMA2_Stream7_IRQHandler                  0x080001db   Thumb Code     0  startup_stm32f429_439xx.o(.text)
    ETH_IRQHandler                           0x080001db   Thumb Code     0  startup_stm32f429_439xx.o(.text)
    ETH_WKUP_IRQHandler                      0x080001db   Thumb Code     0  startup_stm32f429_439xx.o(.text)
    EXTI0_IRQHandler                         0x080001db   Thumb Code     0  startup_stm32f429_439xx.o(.text)
    EXTI15_10_IRQHandler                     0x080001db   Thumb Code     0  startup_stm32f429_439xx.o(.text)
    EXTI1_IRQHandler                         0x080001db   Thumb Code     0  startup_stm32f429_439xx.o(.text)
    EXTI2_IRQHandler                         0x080001db   Thumb Code     0  startup_stm32f429_439xx.o(.text)
    EXTI3_IRQHandler                         0x080001db   Thumb Code     0  startup_stm32f429_439xx.o(.text)
    EXTI4_IRQHandler                         0x080001db   Thumb Code     0  startup_stm32f429_439xx.o(.text)
    EXTI9_5_IRQHandler                       0x080001db   Thumb Code     0  startup_stm32f429_439xx.o(.text)
    FLASH_IRQHandler                         0x080001db   Thumb Code     0  startup_stm32f429_439xx.o(.text)
    FMC_IRQHandler                           0x080001db   Thumb Code     0  startup_stm32f429_439xx.o(.text)
    FPU_IRQHandler                           0x080001db   Thumb Code     0  startup_stm32f429_439xx.o(.text)
    HASH_RNG_IRQHandler                      0x080001db   Thumb Code     0  startup_stm32f429_439xx.o(.text)
    I2C1_ER_IRQHandler                       0x080001db   Thumb Code     0  startup_stm32f429_439xx.o(.text)
    I2C1_EV_IRQHandler                       0x080001db   Thumb Code     0  startup_stm32f429_439xx.o(.text)
    I2C2_ER_IRQHandler                       0x080001db   Thumb Code     0  startup_stm32f429_439xx.o(.text)
    I2C2_EV_IRQHandler                       0x080001db   Thumb Code     0  startup_stm32f429_439xx.o(.text)
    I2C3_ER_IRQHandler                       0x080001db   Thumb Code     0  startup_stm32f429_439xx.o(.text)
    I2C3_EV_IRQHandler                       0x080001db   Thumb Code     0  startup_stm32f429_439xx.o(.text)
    LTDC_ER_IRQHandler                       0x080001db   Thumb Code     0  startup_stm32f429_439xx.o(.text)
    LTDC_IRQHandler                          0x080001db   Thumb Code     0  startup_stm32f429_439xx.o(.text)
    OTG_FS_IRQHandler                        0x080001db   Thumb Code     0  startup_stm32f429_439xx.o(.text)
    OTG_FS_WKUP_IRQHandler                   0x080001db   Thumb Code     0  startup_stm32f429_439xx.o(.text)
    OTG_HS_EP1_IN_IRQHandler                 0x080001db   Thumb Code     0  startup_stm32f429_439xx.o(.text)
    OTG_HS_EP1_OUT_IRQHandler                0x080001db   Thumb Code     0  startup_stm32f429_439xx.o(.text)
    OTG_HS_IRQHandler                        0x080001db   Thumb Code     0  startup_stm32f429_439xx.o(.text)
    OTG_HS_WKUP_IRQHandler                   0x080001db   Thumb Code     0  startup_stm32f429_439xx.o(.text)
    PVD_IRQHandler                           0x080001db   Thumb Code     0  startup_stm32f429_439xx.o(.text)
    RCC_IRQHandler                           0x080001db   Thumb Code     0  startup_stm32f429_439xx.o(.text)
    RTC_Alarm_IRQHandler                     0x080001db   Thumb Code     0  startup_stm32f429_439xx.o(.text)
    RTC_WKUP_IRQHandler                      0x080001db   Thumb Code     0  startup_stm32f429_439xx.o(.text)
    SAI1_IRQHandler                          0x080001db   Thumb Code     0  startup_stm32f429_439xx.o(.text)
    SDIO_IRQHandler                          0x080001db   Thumb Code     0  startup_stm32f429_439xx.o(.text)
    SPI1_IRQHandler                          0x080001db   Thumb Code     0  startup_stm32f429_439xx.o(.text)
    SPI2_IRQHandler                          0x080001db   Thumb Code     0  startup_stm32f429_439xx.o(.text)
    SPI3_IRQHandler                          0x080001db   Thumb Code     0  startup_stm32f429_439xx.o(.text)
    SPI4_IRQHandler                          0x080001db   Thumb Code     0  startup_stm32f429_439xx.o(.text)
    SPI5_IRQHandler                          0x080001db   Thumb Code     0  startup_stm32f429_439xx.o(.text)
    SPI6_IRQHandler                          0x080001db   Thumb Code     0  startup_stm32f429_439xx.o(.text)
    TAMP_STAMP_IRQHandler                    0x080001db   Thumb Code     0  startup_stm32f429_439xx.o(.text)
    TIM1_BRK_TIM9_IRQHandler                 0x080001db   Thumb Code     0  startup_stm32f429_439xx.o(.text)
    TIM1_CC_IRQHandler                       0x080001db   Thumb Code     0  startup_stm32f429_439xx.o(.text)
    TIM1_TRG_COM_TIM11_IRQHandler            0x080001db   Thumb Code     0  startup_stm32f429_439xx.o(.text)
    TIM1_UP_TIM10_IRQHandler                 0x080001db   Thumb Code     0  startup_stm32f429_439xx.o(.text)
    TIM4_IRQHandler                          0x080001db   Thumb Code     0  startup_stm32f429_439xx.o(.text)
    TIM5_IRQHandler                          0x080001db   Thumb Code     0  startup_stm32f429_439xx.o(.text)
    TIM6_DAC_IRQHandler                      0x080001db   Thumb Code     0  startup_stm32f429_439xx.o(.text)
    TIM7_IRQHandler                          0x080001db   Thumb Code     0  startup_stm32f429_439xx.o(.text)
    TIM8_BRK_TIM12_IRQHandler                0x080001db   Thumb Code     0  startup_stm32f429_439xx.o(.text)
    TIM8_CC_IRQHandler                       0x080001db   Thumb Code     0  startup_stm32f429_439xx.o(.text)
    TIM8_TRG_COM_TIM14_IRQHandler            0x080001db   Thumb Code     0  startup_stm32f429_439xx.o(.text)
    TIM8_UP_TIM13_IRQHandler                 0x080001db   Thumb Code     0  startup_stm32f429_439xx.o(.text)
    UART5_IRQHandler                         0x080001db   Thumb Code     0  startup_stm32f429_439xx.o(.text)
    UART7_IRQHandler                         0x080001db   Thumb Code     0  startup_stm32f429_439xx.o(.text)
    UART8_IRQHandler                         0x080001db   Thumb Code     0  startup_stm32f429_439xx.o(.text)
    USART3_IRQHandler                        0x080001db   Thumb Code     0  startup_stm32f429_439xx.o(.text)
    USART6_IRQHandler                        0x080001db   Thumb Code     0  startup_stm32f429_439xx.o(.text)
    WWDG_IRQHandler                          0x080001db   Thumb Code     0  startup_stm32f429_439xx.o(.text)
    __aeabi_dmul                             0x080001e5   Thumb Code   228  dmul.o(.text)
    __aeabi_ui2d                             0x080002c9   Thumb Code    26  dfltui.o(.text)
    __aeabi_d2uiz                            0x080002e3   Thumb Code    50  dfixui.o(.text)
    __aeabi_llsr                             0x08000315   Thumb Code    32  llushr.o(.text)
    _ll_ushift_r                             0x08000315   Thumb Code     0  llushr.o(.text)
    __I$use$fp                               0x08000335   Thumb Code     0  iusefp.o(.text)
    _double_round                            0x08000335   Thumb Code    30  depilogue.o(.text)
    _double_epilogue                         0x08000353   Thumb Code   156  depilogue.o(.text)
    __scatterload                            0x080003f1   Thumb Code    28  init.o(.text)
    __scatterload_rt2                        0x080003f1   Thumb Code     0  init.o(.text)
    __aeabi_llsl                             0x08000415   Thumb Code    30  llshl.o(.text)
    _ll_shift_l                              0x08000415   Thumb Code     0  llshl.o(.text)
    ADC_Cmd                                  0x08000433   Thumb Code    24  stm32f4xx_adc.o(i.ADC_Cmd)
    ADC_CommonInit                           0x0800044d   Thumb Code    30  stm32f4xx_adc.o(i.ADC_CommonInit)
    ADC_Init                                 0x08000475   Thumb Code    66  stm32f4xx_adc.o(i.ADC_Init)
    ADC_RegularChannelConfig                 0x080004c1   Thumb Code   116  stm32f4xx_adc.o(i.ADC_RegularChannelConfig)
    Adc_Init                                 0x08000535   Thumb Code   132  _ramfunc.o(i.Adc_Init)
    BluetoothDebugUsartConfig                0x080005c1   Thumb Code   172  bsp_debug_usart.o(i.BluetoothDebugUsartConfig)
    BluetoothDebugUsartEnable                0x08000675   Thumb Code    36  bsp_debug_usart.o(i.BluetoothDebugUsartEnable)
    BluetoothRemoteCheckTask                 0x0800069d   Thumb Code    40  data_protocol.o(i.BluetoothRemoteCheckTask)
    BusFault_Handler                         0x080006c9   Thumb Code     2  stm32f4xx_it.o(i.BusFault_Handler)
    CAN1_RX0_IRQHandler                      0x080006cd   Thumb Code   126  stm32f4xx_it.o(i.CAN1_RX0_IRQHandler)
    CAN_ClearITPendingBit                    0x08000761   Thumb Code   132  stm32f4xx_can.o(i.CAN_ClearITPendingBit)
    CAN_Config                               0x080007e9   Thumb Code    22  bsp_can.o(i.CAN_Config)
    CAN_DeInit                               0x08000801   Thumb Code    52  stm32f4xx_can.o(i.CAN_DeInit)
    CAN_FilterInit                           0x08000839   Thumb Code   202  stm32f4xx_can.o(i.CAN_FilterInit)
    CAN_GetITStatus                          0x080009a5   Thumb Code   200  stm32f4xx_can.o(i.CAN_GetITStatus)
    CAN_ITConfig                             0x08000a71   Thumb Code    20  stm32f4xx_can.o(i.CAN_ITConfig)
    CAN_Init                                 0x08000a85   Thumb Code   260  stm32f4xx_can.o(i.CAN_Init)
    CAN_Receive                              0x08000c0d   Thumb Code   130  stm32f4xx_can.o(i.CAN_Receive)
    CAN_SetMsg                               0x08000c91   Thumb Code    48  bsp_can.o(i.CAN_SetMsg)
    CAN_StructInit                           0x08000cc5   Thumb Code    32  stm32f4xx_can.o(i.CAN_StructInit)
    CAN_Transmit                             0x08000ce5   Thumb Code   182  stm32f4xx_can.o(i.CAN_Transmit)
    ConnectCheck                             0x08000da9   Thumb Code    44  data_protocol.o(i.ConnectCheck)
    ConnectCheckErrorTask                    0x08000dd9   Thumb Code    16  data_protocol.o(i.ConnectCheckErrorTask)
    ControlReset                             0x08000ded   Thumb Code    26  control_task.o(i.ControlReset)
    ControlTask                              0x08000e09   Thumb Code   244  control_task.o(i.ControlTask)
    DAC_Cmd                                  0x08000f15   Thumb Code    26  stm32f4xx_dac.o(i.DAC_Cmd)
    DAC_DMACmd                               0x08000fa9   Thumb Code    26  stm32f4xx_dac.o(i.DAC_DMACmd)
    DAC_GPIO_Config                          0x08001029   Thumb Code    54  my_dac.o(i.DAC_GPIO_Config)
    DAC_Init                                 0x08001065   Thumb Code    36  stm32f4xx_dac.o(i.DAC_Init)
    DAC_Mode_Init                            0x0800108d   Thumb Code    18  my_dac.o(i.DAC_Mode_Init)
    DAC_SetChannel2Data                      0x080010a1   Thumb Code    16  stm32f4xx_dac.o(i.DAC_SetChannel2Data)
    DAC_SoftwareTriggerCmd                   0x080010b5   Thumb Code    28  stm32f4xx_dac.o(i.DAC_SoftwareTriggerCmd)
    DMA_Init                                 0x08001111   Thumb Code    80  stm32f4xx_dma.o(i.DMA_Init)
    DW_Back                                  0x08001165   Thumb Code    24  dw_contrl.o(i.DW_Back)
    DW_Front                                 0x08001181   Thumb Code    24  dw_contrl.o(i.DW_Front)
    DW_GPIO_Config                           0x0800119d   Thumb Code   136  dw_contrl.o(i.DW_GPIO_Config)
    DW_Neutral                               0x08001235   Thumb Code    24  dw_contrl.o(i.DW_Neutral)
    DataProcotolInit                         0x08001251   Thumb Code    12  data_protocol.o(i.DataProcotolInit)
    DataProtocolPrepareParsed                0x08001261   Thumb Code   160  data_protocol.o(i.DataProtocolPrepareParsed)
    Data_Receive_Parsed                      0x08001309   Thumb Code   134  data_protocol.o(i.Data_Receive_Parsed)
    DebugMon_Handler                         0x08001395   Thumb Code     2  stm32f4xx_it.o(i.DebugMon_Handler)
    Delay_us                                 0x08001399   Thumb Code    16  my_systick.o(i.Delay_us)
    DriverlessUsartConfig                    0x080013ad   Thumb Code   172  bsp_debug_usart.o(i.DriverlessUsartConfig)
    DriverlessUsartEnable                    0x08001461   Thumb Code    36  bsp_debug_usart.o(i.DriverlessUsartEnable)
    Driverless_DataProtocolPrepareParsed     0x08001489   Thumb Code   160  data_protocol.o(i.Driverless_DataProtocolPrepareParsed)
    Driverless_Data_Receive_Parsed           0x08001531   Thumb Code   106  data_protocol.o(i.Driverless_Data_Receive_Parsed)
    GPIO_Init                                0x080015a1   Thumb Code   124  stm32f4xx_gpio.o(i.GPIO_Init)
    GPIO_PinAFConfig                         0x0800161d   Thumb Code    32  stm32f4xx_gpio.o(i.GPIO_PinAFConfig)
    GPIO_ReadInputDataBit                    0x0800163d   Thumb Code    14  stm32f4xx_gpio.o(i.GPIO_ReadInputDataBit)
    GPIO_ResetBits                           0x0800164b   Thumb Code     4  stm32f4xx_gpio.o(i.GPIO_ResetBits)
    GPIO_SetBits                             0x0800164f   Thumb Code     4  stm32f4xx_gpio.o(i.GPIO_SetBits)
    HardFault_Handler                        0x08001653   Thumb Code     2  stm32f4xx_it.o(i.HardFault_Handler)
    Init_RxMes                               0x08001655   Thumb Code    30  bsp_can.o(i.Init_RxMes)
    LED_GPIO_Config                          0x08001675   Thumb Code   106  bsp_led.o(i.LED_GPIO_Config)
    MY_DAC_Config                            0x080016e9   Thumb Code    70  my_dac.o(i.MY_DAC_Config)
    MemManage_Handler                        0x08001735   Thumb Code     2  stm32f4xx_it.o(i.MemManage_Handler)
    NMI_Handler                              0x08001737   Thumb Code     2  stm32f4xx_it.o(i.NMI_Handler)
    NVIC_Init                                0x08001761   Thumb Code    98  misc.o(i.NVIC_Init)
    NVIC_PriorityGroupConfig                 0x080017c9   Thumb Code    10  misc.o(i.NVIC_PriorityGroupConfig)
    PID_Cal                                  0x080017dd   Thumb Code   214  pid.o(i.PID_Cal)
    PID_ParamInit                            0x080018b5   Thumb Code    68  pid.o(i.PID_ParamInit)
    PendSV_Handler                           0x08001909   Thumb Code     2  stm32f4xx_it.o(i.PendSV_Handler)
    RCC_AHB1PeriphClockCmd                   0x0800190d   Thumb Code    22  stm32f4xx_rcc.o(i.RCC_AHB1PeriphClockCmd)
    RCC_APB1PeriphClockCmd                   0x08001929   Thumb Code    22  stm32f4xx_rcc.o(i.RCC_APB1PeriphClockCmd)
    RCC_APB1PeriphResetCmd                   0x08001945   Thumb Code    22  stm32f4xx_rcc.o(i.RCC_APB1PeriphResetCmd)
    RCC_APB2PeriphClockCmd                   0x08001961   Thumb Code    22  stm32f4xx_rcc.o(i.RCC_APB2PeriphClockCmd)
    RCC_APB2PeriphResetCmd                   0x0800197d   Thumb Code    22  stm32f4xx_rcc.o(i.RCC_APB2PeriphResetCmd)
    RCC_GetClocksFreq                        0x08001999   Thumb Code   148  stm32f4xx_rcc.o(i.RCC_GetClocksFreq)
    RemoteCtlTask                            0x08001a3d   Thumb Code   150  control_task.o(i.RemoteCtlTask)
    SVC_Handler                              0x08001add   Thumb Code     2  stm32f4xx_it.o(i.SVC_Handler)
    Serial_Send_Data_2                       0x08001adf   Thumb Code     4  data_protocol.o(i.Serial_Send_Data_2)
    SysTick_Handler                          0x08001bb9   Thumb Code   362  stm32f4xx_it.o(i.SysTick_Handler)
    SysTick_Init                             0x08001d35   Thumb Code    52  my_systick.o(i.SysTick_Init)
    SystemInit                               0x08001d75   Thumb Code    74  system_stm32f4xx.o(i.SystemInit)
    TIM2_Configuration                       0x08001dd1   Thumb Code    14  timer.o(i.TIM2_Configuration)
    TIM2_IRQHandler                          0x08001ddf   Thumb Code    34  stm32f4xx_it.o(i.TIM2_IRQHandler)
    TIM3_IRQHandler                          0x08001e71   Thumb Code    30  stm32f4xx_it.o(i.TIM3_IRQHandler)
    TIM_ClearFlag                            0x08001e95   Thumb Code     6  stm32f4xx_tim.o(i.TIM_ClearFlag)
    TIM_ClearITPendingBit                    0x08001e9b   Thumb Code     6  stm32f4xx_tim.o(i.TIM_ClearITPendingBit)
    TIM_Cmd                                  0x08001ea1   Thumb Code    24  stm32f4xx_tim.o(i.TIM_Cmd)
    TIM_GetITStatus                          0x08001eb9   Thumb Code    24  stm32f4xx_tim.o(i.TIM_GetITStatus)
    TIM_ITConfig                             0x08001ed1   Thumb Code    20  stm32f4xx_tim.o(i.TIM_ITConfig)
    TIM_SelectOutputTrigger                  0x08001ee5   Thumb Code    16  stm32f4xx_tim.o(i.TIM_SelectOutputTrigger)
    TIM_TimeBaseInit                         0x08001ef5   Thumb Code    96  stm32f4xx_tim.o(i.TIM_TimeBaseInit)
    TimingDelay_Decrement                    0x08001f71   Thumb Code    16  my_systick.o(i.TimingDelay_Decrement)
    UART4_IRQHandler                         0x08001f85   Thumb Code   100  bsp_debug_usart.o(i.UART4_IRQHandler)
    USART1_IRQHandler                        0x08001ff9   Thumb Code    94  bsp_debug_usart.o(i.USART1_IRQHandler)
    USART1_Put_Buf                           0x08002065   Thumb Code    52  bsp_debug_usart.o(i.USART1_Put_Buf)
    USART2_IRQHandler                        0x080020a5   Thumb Code    48  stm32f4xx_it.o(i.USART2_IRQHandler)
    USART_ClearFlag                          0x080020e1   Thumb Code     8  stm32f4xx_usart.o(i.USART_ClearFlag)
    USART_ClearITPendingBit                  0x080020e9   Thumb Code    16  stm32f4xx_usart.o(i.USART_ClearITPendingBit)
    USART_ClockInit                          0x080020f9   Thumb Code    28  stm32f4xx_usart.o(i.USART_ClockInit)
    USART_Cmd                                0x08002115   Thumb Code    24  stm32f4xx_usart.o(i.USART_Cmd)
    USART_GetFlagStatus                      0x0800212d   Thumb Code    14  stm32f4xx_usart.o(i.USART_GetFlagStatus)
    USART_GetITStatus                        0x0800213b   Thumb Code    64  stm32f4xx_usart.o(i.USART_GetITStatus)
    USART_ITConfig                           0x0800217b   Thumb Code    54  stm32f4xx_usart.o(i.USART_ITConfig)
    USART_Init                               0x080021b1   Thumb Code   180  stm32f4xx_usart.o(i.USART_Init)
    USART_ReceiveData                        0x0800226d   Thumb Code     8  stm32f4xx_usart.o(i.USART_ReceiveData)
    UsageFault_Handler                       0x08002275   Thumb Code     2  stm32f4xx_it.o(i.UsageFault_Handler)
    _485_Config                              0x08002279   Thumb Code   194  my_rs485.o(i._485_Config)
    __scatterload_copy                       0x08002345   Thumb Code    14  handlers.o(i.__scatterload_copy)
    __scatterload_null                       0x08002353   Thumb Code     2  handlers.o(i.__scatterload_null)
    __scatterload_zeroinit                   0x08002355   Thumb Code    14  handlers.o(i.__scatterload_zeroinit)
    all_init                                 0x08002365   Thumb Code    86  autocar.o(i.all_init)
    bsp_485_IRQHandler                       0x080023c1   Thumb Code   218  my_rs485.o(i.bsp_485_IRQHandler)
    can_Transmit_process                     0x080024ad   Thumb Code    26  autocar.o(i.can_Transmit_process)
    can_receive_process                      0x080024d1   Thumb Code    32  autocar.o(i.can_receive_process)
    getRxHearBeatData                        0x080024fd   Thumb Code     6  data_protocol.o(i.getRxHearBeatData)
    get_angle                                0x08002509   Thumb Code    52  my_rs485.o(i.get_angle)
    iic_delay                                0x0800254d   Thumb Code    26  oled.o(i.iic_delay)
    iic_start                                0x08002569   Thumb Code    62  oled.o(i.iic_start)
    iic_stop                                 0x080025b1   Thumb Code    62  oled.o(i.iic_stop)
    iic_waitAck                              0x080025f9   Thumb Code    36  oled.o(i.iic_waitAck)
    iic_write_byte                           0x08002621   Thumb Code   100  oled.o(i.iic_write_byte)
    iic_write_command                        0x0800268d   Thumb Code    46  oled.o(i.iic_write_command)
    iic_write_data                           0x080026bb   Thumb Code    46  oled.o(i.iic_write_data)
    main                                     0x080026e9   Thumb Code   328  main.o(i.main)
    model_change                             0x08002881   Thumb Code    84  dw_contrl.o(i.model_change)
    mypow                                    0x080028d9   Thumb Code    16  oled.o(i.mypow)
    oledDisplayInit                          0x080028e9   Thumb Code   252  oled.o(i.oledDisplayInit)
    oledGpioConfig                           0x080029e9   Thumb Code    70  oled.o(i.oledGpioConfig)
    oled_clear                               0x08002a39   Thumb Code    38  oled.o(i.oled_clear)
    oled_drawPoint                           0x08002a65   Thumb Code    56  oled.o(i.oled_drawPoint)
    oled_refreshGram                         0x08002aa1   Thumb Code    66  oled.o(i.oled_refreshGram)
    oled_showChar                            0x08002ae9   Thumb Code   214  oled.o(i.oled_showChar)
    oled_showPicture                         0x08002bcd   Thumb Code   198  oled.o(i.oled_showPicture)
    oled_showRealNum                         0x08002c93   Thumb Code   182  oled.o(i.oled_showRealNum)
    oled_showString                          0x08002d49   Thumb Code    84  oled.o(i.oled_showString)
    oled_wr_byte                             0x08002d9d   Thumb Code    12  oled.o(i.oled_wr_byte)
    posotion_choose                          0x08002da9   Thumb Code    70  my_brake.o(i.posotion_choose)
    sendCarInfoInBluetooth                   0x08002e05   Thumb Code   138  control_task.o(i.sendCarInfoInBluetooth)
    setThrottleVal                           0x08002e99   Thumb Code    30  my_dac.o(i.setThrottleVal)
    simple_speed                             0x08002eb9   Thumb Code    60  autocar.o(i.simple_speed)
    step_motor_GPIO_Config                   0x08002f1d   Thumb Code   110  my_brake.o(i.step_motor_GPIO_Config)
    throttle_change                          0x08002f99   Thumb Code    46  my_dac.o(i.throttle_change)
    asc2_0608                                0x08002fd4   Data         570  font.o(.constdata)
    asc2_0612                                0x0800320e   Data        1140  font.o(.constdata)
    asc2_1224                                0x08003682   Data        3420  font.o(.constdata)
    bmp_logo_GOGO1                           0x080043de   Data         368  font.o(.constdata)
    Region$$Table$$Base                      0x08004550   Number         0  anon$$obj.o(Region$$Table)
    Region$$Table$$Limit                     0x08004570   Number         0  anon$$obj.o(Region$$Table)
    SystemCoreClock                          0x20000000   Data           4  system_stm32f4xx.o(.data)
    AHBPrescTable                            0x20000004   Data          16  system_stm32f4xx.o(.data)
    flag                                     0x20000024   Data           4  main.o(.data)
    angle_supaiqi                            0x20000028   Data           4  main.o(.data)
    free_position_flag                       0x2000002c   Data           1  stm32f4xx_it.o(.data)
    one_position_flag                        0x2000002d   Data           1  stm32f4xx_it.o(.data)
    two_position_flag                        0x2000002e   Data           1  stm32f4xx_it.o(.data)
    three_position_flag                      0x2000002f   Data           1  stm32f4xx_it.o(.data)
    RESET_flag                               0x20000030   Data           1  stm32f4xx_it.o(.data)
    step_count                               0x20000034   Data           4  stm32f4xx_it.o(.data)
    step_count_now                           0x20000038   Data           4  stm32f4xx_it.o(.data)
    step_speed                               0x2000003c   Data           4  stm32f4xx_it.o(.data)
    TxCounter                                0x20000040   Data           1  bsp_debug_usart.o(.data)
    _count                                   0x20000041   Data           1  bsp_debug_usart.o(.data)
    ideal_pwm                                0x20000044   Data           2  autocar.o(.data)
    pid_err_last                             0x20000046   Data           2  autocar.o(.data)
    pid_err_next                             0x20000048   Data           2  autocar.o(.data)
    incrementangle                           0x2000004a   Data           2  autocar.o(.data)
    angle_Kp                                 0x2000004c   Data           4  autocar.o(.data)
    angle_Ki                                 0x20000050   Data           4  autocar.o(.data)
    angle_Kd                                 0x20000054   Data           4  autocar.o(.data)
    date                                     0x20000058   Data           8  autocar.o(.data)
    throttle_laft                            0x20000060   Data           2  my_dac.o(.data)
    throttle                                 0x20000062   Data           2  my_dac.o(.data)
    flag_rx                                  0x20000068   Data           1  my_rs485.o(.data)
    tranmit_flag                             0x20000069   Data           1  my_rs485.o(.data)
    biaoding                                 0x2000006c   Data           1  my_rs485.o(.data)
    zhenwei                                  0x2000006d   Data           1  my_rs485.o(.data)
    uart_p                                   0x2000006e   Data           2  my_rs485.o(.data)
    buy_angle                                0x20000070   Data           8  my_rs485.o(.data)
    TimerFlag                                0x20000086   Data           8  control_task.o(.data)
    TxMessage                                0x20000090   Data          20  main.o(.bss)
    RxMessage                                0x200000a4   Data          20  main.o(.bss)
    RxBuff                                   0x200000b8   Data          50  bsp_debug_usart.o(.bss)
    TxBuffer                                 0x200000ea   Data         256  bsp_debug_usart.o(.bss)
    DualSine16bit                            0x200001ec   Data        1000  my_dac.o(.bss)
    DAC_InitStructure                        0x200005d4   Data          16  my_dac.o(.bss)
    useable_buff                             0x200005e4   Data          10  my_rs485.o(.bss)
    uart_buff                                0x200005ee   Data          10  my_rs485.o(.bss)
    data_to_send                             0x2000065c   Data          50  data_protocol.o(.bss)
    DataProtocolInfo                         0x2000068e   Data         126  data_protocol.o(.bss)
    DriverlessDataProtocolInfo               0x2000070c   Data         126  data_protocol.o(.bss)
    CarCtlDataFromWireless                   0x2000078a   Data          18  data_protocol.o(.bss)
    CarCtlDataFromPC                         0x2000079c   Data          18  data_protocol.o(.bss)
    GlobalVal                                0x200007b0   Data          16  control_task.o(.bss)
    PID_Steer                                0x200007c0   Data          64  pid.o(.bss)
    PID_RearWheel                            0x20000800   Data          64  pid.o(.bss)
    __initial_sp                             0x20001040   Data           0  startup_stm32f429_439xx.o(STACK)



==============================================================================

Memory Map of the image

  Image Entry point : 0x080001ad

  Load Region LR_IROM1 (Base: 0x08000000, Size: 0x00004600, Max: 0x00100000, ABSOLUTE)

    Execution Region ER_IROM1 (Base: 0x08000000, Size: 0x00004570, Max: 0x00100000, ABSOLUTE)

    Base Addr    Size         Type   Attr      Idx    E Section Name        Object

    0x08000000   0x000001ac   Data   RO            3    RESET               startup_stm32f429_439xx.o
    0x080001ac   0x00000000   Code   RO         7011  * .ARM.Collect$$$$00000000  mc_w.l(entry.o)
    0x080001ac   0x00000004   Code   RO         7022    .ARM.Collect$$$$00000001  mc_w.l(entry2.o)
    0x080001b0   0x00000004   Code   RO         7025    .ARM.Collect$$$$00000004  mc_w.l(entry5.o)
    0x080001b4   0x00000000   Code   RO         7027    .ARM.Collect$$$$00000008  mc_w.l(entry7b.o)
    0x080001b4   0x00000000   Code   RO         7029    .ARM.Collect$$$$0000000A  mc_w.l(entry8b.o)
    0x080001b4   0x00000008   Code   RO         7030    .ARM.Collect$$$$0000000B  mc_w.l(entry9a.o)
    0x080001bc   0x00000000   Code   RO         7032    .ARM.Collect$$$$0000000D  mc_w.l(entry10a.o)
    0x080001bc   0x00000000   Code   RO         7034    .ARM.Collect$$$$0000000F  mc_w.l(entry11a.o)
    0x080001bc   0x00000004   Code   RO         7023    .ARM.Collect$$$$00002712  mc_w.l(entry2.o)
    0x080001c0   0x00000024   Code   RO            4    .text               startup_stm32f429_439xx.o
    0x080001e4   0x000000e4   Code   RO         7016    .text               mf_w.l(dmul.o)
    0x080002c8   0x0000001a   Code   RO         7018    .text               mf_w.l(dfltui.o)
    0x080002e2   0x00000032   Code   RO         7020    .text               mf_w.l(dfixui.o)
    0x08000314   0x00000020   Code   RO         7036    .text               mc_w.l(llushr.o)
    0x08000334   0x00000000   Code   RO         7038    .text               mc_w.l(iusefp.o)
    0x08000334   0x000000ba   Code   RO         7039    .text               mf_w.l(depilogue.o)
    0x080003ee   0x00000002   PAD
    0x080003f0   0x00000024   Code   RO         7041    .text               mc_w.l(init.o)
    0x08000414   0x0000001e   Code   RO         7043    .text               mc_w.l(llshl.o)
    0x08000432   0x00000018   Code   RO          222    i.ADC_Cmd           stm32f4xx_adc.o
    0x0800044a   0x00000002   PAD
    0x0800044c   0x00000028   Code   RO          223    i.ADC_CommonInit    stm32f4xx_adc.o
    0x08000474   0x0000004c   Code   RO          242    i.ADC_Init          stm32f4xx_adc.o
    0x080004c0   0x00000074   Code   RO          247    i.ADC_RegularChannelConfig  stm32f4xx_adc.o
    0x08000534   0x0000008c   Code   RO         5162    i.Adc_Init          _ramfunc.o
    0x080005c0   0x000000b4   Code   RO         5411    i.BluetoothDebugUsartConfig  bsp_debug_usart.o
    0x08000674   0x00000028   Code   RO         5412    i.BluetoothDebugUsartEnable  bsp_debug_usart.o
    0x0800069c   0x0000002c   Code   RO         5978    i.BluetoothRemoteCheckTask  data_protocol.o
    0x080006c8   0x00000002   Code   RO         5300    i.BusFault_Handler  stm32f4xx_it.o
    0x080006ca   0x00000002   PAD
    0x080006cc   0x00000094   Code   RO         5301    i.CAN1_RX0_IRQHandler  stm32f4xx_it.o
    0x08000760   0x00000088   Code   RO          464    i.CAN_ClearITPendingBit  stm32f4xx_can.o
    0x080007e8   0x00000016   Code   RO         5498    i.CAN_Config        bsp_can.o
    0x080007fe   0x00000002   PAD
    0x08000800   0x00000038   Code   RO          466    i.CAN_DeInit        stm32f4xx_can.o
    0x08000838   0x000000d4   Code   RO          468    i.CAN_FilterInit    stm32f4xx_can.o
    0x0800090c   0x00000040   Code   RO         5499    i.CAN_Filter_Config  bsp_can.o
    0x0800094c   0x00000058   Code   RO         5500    i.CAN_GPIO_Config   bsp_can.o
    0x080009a4   0x000000cc   Code   RO          470    i.CAN_GetITStatus   stm32f4xx_can.o
    0x08000a70   0x00000014   Code   RO          474    i.CAN_ITConfig      stm32f4xx_can.o
    0x08000a84   0x00000104   Code   RO          475    i.CAN_Init          stm32f4xx_can.o
    0x08000b88   0x0000005c   Code   RO         5501    i.CAN_Mode_Config   bsp_can.o
    0x08000be4   0x00000028   Code   RO         5502    i.CAN_NVIC_Config   bsp_can.o
    0x08000c0c   0x00000082   Code   RO          478    i.CAN_Receive       stm32f4xx_can.o
    0x08000c8e   0x00000002   PAD
    0x08000c90   0x00000034   Code   RO         5503    i.CAN_SetMsg        bsp_can.o
    0x08000cc4   0x00000020   Code   RO          481    i.CAN_StructInit    stm32f4xx_can.o
    0x08000ce4   0x000000b6   Code   RO          483    i.CAN_Transmit      stm32f4xx_can.o
    0x08000d9a   0x0000000c   Code   RO          486    i.CheckITStatus     stm32f4xx_can.o
    0x08000da6   0x00000002   PAD
    0x08000da8   0x00000030   Code   RO         5980    i.ConnectCheck      data_protocol.o
    0x08000dd8   0x00000014   Code   RO         5981    i.ConnectCheckErrorTask  data_protocol.o
    0x08000dec   0x0000001a   Code   RO         6135    i.ControlReset      control_task.o
    0x08000e06   0x00000002   PAD
    0x08000e08   0x0000010c   Code   RO         6136    i.ControlTask       control_task.o
    0x08000f14   0x00000020   Code   RO          946    i.DAC_Cmd           stm32f4xx_dac.o
    0x08000f34   0x00000074   Code   RO         5767    i.DAC_Config        my_dac.o
    0x08000fa8   0x00000020   Code   RO          947    i.DAC_DMACmd        stm32f4xx_dac.o
    0x08000fc8   0x00000060   Code   RO         5768    i.DAC_DMA_Config    my_dac.o
    0x08001028   0x0000003c   Code   RO         5769    i.DAC_GPIO_Config   my_dac.o
    0x08001064   0x00000028   Code   RO          954    i.DAC_Init          stm32f4xx_dac.o
    0x0800108c   0x00000012   Code   RO         5770    i.DAC_Mode_Init     my_dac.o
    0x0800109e   0x00000002   PAD
    0x080010a0   0x00000014   Code   RO          956    i.DAC_SetChannel2Data  stm32f4xx_dac.o
    0x080010b4   0x00000020   Code   RO          958    i.DAC_SoftwareTriggerCmd  stm32f4xx_dac.o
    0x080010d4   0x0000003c   Code   RO         5771    i.DAC_TIM_Config    my_dac.o
    0x08001110   0x00000054   Code   RO         1234    i.DMA_Init          stm32f4xx_dma.o
    0x08001164   0x0000001c   Code   RO         5679    i.DW_Back           dw_contrl.o
    0x08001180   0x0000001c   Code   RO         5680    i.DW_Front          dw_contrl.o
    0x0800119c   0x00000098   Code   RO         5681    i.DW_GPIO_Config    dw_contrl.o
    0x08001234   0x0000001c   Code   RO         5682    i.DW_Neutral        dw_contrl.o
    0x08001250   0x00000010   Code   RO         5982    i.DataProcotolInit  data_protocol.o
    0x08001260   0x000000a8   Code   RO         5984    i.DataProtocolPrepareParsed  data_protocol.o
    0x08001308   0x0000008c   Code   RO         5985    i.Data_Receive_Parsed  data_protocol.o
    0x08001394   0x00000002   Code   RO         5302    i.DebugMon_Handler  stm32f4xx_it.o
    0x08001396   0x00000002   PAD
    0x08001398   0x00000014   Code   RO         5841    i.Delay_us          my_systick.o
    0x080013ac   0x000000b4   Code   RO         5414    i.DriverlessUsartConfig  bsp_debug_usart.o
    0x08001460   0x00000028   Code   RO         5415    i.DriverlessUsartEnable  bsp_debug_usart.o
    0x08001488   0x000000a8   Code   RO         5986    i.Driverless_DataProtocolPrepareParsed  data_protocol.o
    0x08001530   0x00000070   Code   RO         5987    i.Driverless_Data_Receive_Parsed  data_protocol.o
    0x080015a0   0x0000007c   Code   RO         2046    i.GPIO_Init         stm32f4xx_gpio.o
    0x0800161c   0x00000020   Code   RO         2047    i.GPIO_PinAFConfig  stm32f4xx_gpio.o
    0x0800163c   0x0000000e   Code   RO         2050    i.GPIO_ReadInputDataBit  stm32f4xx_gpio.o
    0x0800164a   0x00000004   Code   RO         2053    i.GPIO_ResetBits    stm32f4xx_gpio.o
    0x0800164e   0x00000004   Code   RO         2054    i.GPIO_SetBits      stm32f4xx_gpio.o
    0x08001652   0x00000002   Code   RO         5303    i.HardFault_Handler  stm32f4xx_it.o
    0x08001654   0x0000001e   Code   RO         5504    i.Init_RxMes        bsp_can.o
    0x08001672   0x00000002   PAD
    0x08001674   0x00000074   Code   RO         5590    i.LED_GPIO_Config   bsp_led.o
    0x080016e8   0x0000004c   Code   RO         5772    i.MY_DAC_Config     my_dac.o
    0x08001734   0x00000002   Code   RO         5304    i.MemManage_Handler  stm32f4xx_it.o
    0x08001736   0x00000002   Code   RO         5305    i.NMI_Handler       stm32f4xx_it.o
    0x08001738   0x00000026   Code   RO         5884    i.NVIC_Configuration  my_rs485.o
    0x0800175e   0x00000002   PAD
    0x08001760   0x00000068   Code   RO          164    i.NVIC_Init         misc.o
    0x080017c8   0x00000014   Code   RO          165    i.NVIC_PriorityGroupConfig  misc.o
    0x080017dc   0x000000d6   Code   RO         6233    i.PID_Cal           pid.o
    0x080018b2   0x00000002   PAD
    0x080018b4   0x00000054   Code   RO         6235    i.PID_ParamInit     pid.o
    0x08001908   0x00000002   Code   RO         5306    i.PendSV_Handler    stm32f4xx_it.o
    0x0800190a   0x00000002   PAD
    0x0800190c   0x0000001c   Code   RO         2960    i.RCC_AHB1PeriphClockCmd  stm32f4xx_rcc.o
    0x08001928   0x0000001c   Code   RO         2969    i.RCC_APB1PeriphClockCmd  stm32f4xx_rcc.o
    0x08001944   0x0000001c   Code   RO         2971    i.RCC_APB1PeriphResetCmd  stm32f4xx_rcc.o
    0x08001960   0x0000001c   Code   RO         2972    i.RCC_APB2PeriphClockCmd  stm32f4xx_rcc.o
    0x0800197c   0x0000001c   Code   RO         2974    i.RCC_APB2PeriphResetCmd  stm32f4xx_rcc.o
    0x08001998   0x000000a4   Code   RO         2981    i.RCC_GetClocksFreq  stm32f4xx_rcc.o
    0x08001a3c   0x000000a0   Code   RO         6138    i.RemoteCtlTask     control_task.o
    0x08001adc   0x00000002   Code   RO         5307    i.SVC_Handler       stm32f4xx_it.o
    0x08001ade   0x00000004   Code   RO         5995    i.Serial_Send_Data_2  data_protocol.o
    0x08001ae2   0x00000002   PAD
    0x08001ae4   0x000000d4   Code   RO           13    i.SetSysClock       system_stm32f4xx.o
    0x08001bb8   0x0000017c   Code   RO         5308    i.SysTick_Handler   stm32f4xx_it.o
    0x08001d34   0x00000040   Code   RO         5842    i.SysTick_Init      my_systick.o
    0x08001d74   0x0000005c   Code   RO           15    i.SystemInit        system_stm32f4xx.o
    0x08001dd0   0x0000000e   Code   RO         5728    i.TIM2_Configuration  timer.o
    0x08001dde   0x00000022   Code   RO         5309    i.TIM2_IRQHandler   stm32f4xx_it.o
    0x08001e00   0x00000048   Code   RO         5729    i.TIM2_Mode_Config  timer.o
    0x08001e48   0x00000028   Code   RO         5730    i.TIM2_NVIC_Configuration  timer.o
    0x08001e70   0x00000024   Code   RO         5310    i.TIM3_IRQHandler   stm32f4xx_it.o
    0x08001e94   0x00000006   Code   RO         4347    i.TIM_ClearFlag     stm32f4xx_tim.o
    0x08001e9a   0x00000006   Code   RO         4348    i.TIM_ClearITPendingBit  stm32f4xx_tim.o
    0x08001ea0   0x00000018   Code   RO         4353    i.TIM_Cmd           stm32f4xx_tim.o
    0x08001eb8   0x00000018   Code   RO         4374    i.TIM_GetITStatus   stm32f4xx_tim.o
    0x08001ed0   0x00000014   Code   RO         4378    i.TIM_ITConfig      stm32f4xx_tim.o
    0x08001ee4   0x00000010   Code   RO         4411    i.TIM_SelectOutputTrigger  stm32f4xx_tim.o
    0x08001ef4   0x0000007c   Code   RO         4425    i.TIM_TimeBaseInit  stm32f4xx_tim.o
    0x08001f70   0x00000014   Code   RO         5843    i.TimingDelay_Decrement  my_systick.o
    0x08001f84   0x00000074   Code   RO         5416    i.UART4_IRQHandler  bsp_debug_usart.o
    0x08001ff8   0x0000006c   Code   RO         5417    i.USART1_IRQHandler  bsp_debug_usart.o
    0x08002064   0x00000040   Code   RO         5418    i.USART1_Put_Buf    bsp_debug_usart.o
    0x080020a4   0x0000003c   Code   RO         5311    i.USART2_IRQHandler  stm32f4xx_it.o
    0x080020e0   0x00000008   Code   RO         4903    i.USART_ClearFlag   stm32f4xx_usart.o
    0x080020e8   0x00000010   Code   RO         4904    i.USART_ClearITPendingBit  stm32f4xx_usart.o
    0x080020f8   0x0000001c   Code   RO         4905    i.USART_ClockInit   stm32f4xx_usart.o
    0x08002114   0x00000018   Code   RO         4907    i.USART_Cmd         stm32f4xx_usart.o
    0x0800212c   0x0000000e   Code   RO         4910    i.USART_GetFlagStatus  stm32f4xx_usart.o
    0x0800213a   0x00000040   Code   RO         4911    i.USART_GetITStatus  stm32f4xx_usart.o
    0x0800217a   0x00000036   Code   RO         4913    i.USART_ITConfig    stm32f4xx_usart.o
    0x080021b0   0x000000bc   Code   RO         4914    i.USART_Init        stm32f4xx_usart.o
    0x0800226c   0x00000008   Code   RO         4921    i.USART_ReceiveData  stm32f4xx_usart.o
    0x08002274   0x00000002   Code   RO         5312    i.UsageFault_Handler  stm32f4xx_it.o
    0x08002276   0x00000002   PAD
    0x08002278   0x000000cc   Code   RO         5885    i._485_Config       my_rs485.o
    0x08002344   0x0000000e   Code   RO         7047    i.__scatterload_copy  mc_w.l(handlers.o)
    0x08002352   0x00000002   Code   RO         7048    i.__scatterload_null  mc_w.l(handlers.o)
    0x08002354   0x0000000e   Code   RO         7049    i.__scatterload_zeroinit  mc_w.l(handlers.o)
    0x08002362   0x00000002   PAD
    0x08002364   0x0000005c   Code   RO         5615    i.all_init          autocar.o
    0x080023c0   0x000000ec   Code   RO         5890    i.bsp_485_IRQHandler  my_rs485.o
    0x080024ac   0x00000024   Code   RO         5617    i.can_Transmit_process  autocar.o
    0x080024d0   0x0000002c   Code   RO         5618    i.can_receive_process  autocar.o
    0x080024fc   0x0000000c   Code   RO         5998    i.getRxHearBeatData  data_protocol.o
    0x08002508   0x00000044   Code   RO         5892    i.get_angle         my_rs485.o
    0x0800254c   0x0000001a   Code   RO         6286    i.iic_delay         oled.o
    0x08002566   0x00000002   PAD
    0x08002568   0x00000048   Code   RO         6287    i.iic_start         oled.o
    0x080025b0   0x00000048   Code   RO         6288    i.iic_stop          oled.o
    0x080025f8   0x00000028   Code   RO         6289    i.iic_waitAck       oled.o
    0x08002620   0x0000006c   Code   RO         6290    i.iic_write_byte    oled.o
    0x0800268c   0x0000002e   Code   RO         6291    i.iic_write_command  oled.o
    0x080026ba   0x0000002e   Code   RO         6292    i.iic_write_data    oled.o
    0x080026e8   0x00000198   Code   RO         5217    i.main              main.o
    0x08002880   0x00000058   Code   RO         5683    i.model_change      dw_contrl.o
    0x080028d8   0x00000010   Code   RO         6293    i.mypow             oled.o
    0x080028e8   0x00000100   Code   RO         6294    i.oledDisplayInit   oled.o
    0x080029e8   0x00000050   Code   RO         6295    i.oledGpioConfig    oled.o
    0x08002a38   0x0000002c   Code   RO         6297    i.oled_clear        oled.o
    0x08002a64   0x0000003c   Code   RO         6300    i.oled_drawPoint    oled.o
    0x08002aa0   0x00000048   Code   RO         6304    i.oled_refreshGram  oled.o
    0x08002ae8   0x000000e4   Code   RO         6305    i.oled_showChar     oled.o
    0x08002bcc   0x000000c6   Code   RO         6307    i.oled_showPicture  oled.o
    0x08002c92   0x000000b6   Code   RO         6308    i.oled_showRealNum  oled.o
    0x08002d48   0x00000054   Code   RO         6309    i.oled_showString   oled.o
    0x08002d9c   0x0000000c   Code   RO         6310    i.oled_wr_byte      oled.o
    0x08002da8   0x0000005c   Code   RO         6194    i.posotion_choose   my_brake.o
    0x08002e04   0x00000094   Code   RO         6139    i.sendCarInfoInBluetooth  control_task.o
    0x08002e98   0x0000001e   Code   RO         5773    i.setThrottleVal    my_dac.o
    0x08002eb6   0x00000002   PAD
    0x08002eb8   0x00000064   Code   RO         5619    i.simple_speed      autocar.o
    0x08002f1c   0x0000007c   Code   RO         6195    i.step_motor_GPIO_Config  my_brake.o
    0x08002f98   0x0000003c   Code   RO         5774    i.throttle_change   my_dac.o
    0x08002fd4   0x0000023a   Data   RO         6614    .constdata          font.o
    0x0800320e   0x00000474   Data   RO         6615    .constdata          font.o
    0x08003682   0x00000d5c   Data   RO         6616    .constdata          font.o
    0x080043de   0x00000170   Data   RO         6621    .constdata          font.o
    0x0800454e   0x00000002   PAD
    0x08004550   0x00000020   Data   RO         7045    Region$$Table       anon$$obj.o


    Execution Region RW_IRAM1 (Base: 0x20000000, Size: 0x00001040, Max: 0x00030000, ABSOLUTE)

    Base Addr    Size         Type   Attr      Idx    E Section Name        Object

    0x20000000   0x00000014   Data   RW           16    .data               system_stm32f4xx.o
    0x20000014   0x00000010   Data   RW         3013    .data               stm32f4xx_rcc.o
    0x20000024   0x00000004   Data   RW         5220    .data               main.o
    0x20000028   0x00000004   Data   RW         5233    .data               main.o
    0x2000002c   0x00000014   Data   RW         5313    .data               stm32f4xx_it.o
    0x20000040   0x00000002   Data   RW         5423    .data               bsp_debug_usart.o
    0x20000042   0x00000002   PAD
    0x20000044   0x0000001c   Data   RW         5620    .data               autocar.o
    0x20000060   0x00000004   Data   RW         5777    .data               my_dac.o
    0x20000064   0x00000004   Data   RW         5844    .data               my_systick.o
    0x20000068   0x00000010   Data   RW         5895    .data               my_rs485.o
    0x20000078   0x0000000c   Data   RW         6001    .data               data_protocol.o
    0x20000084   0x0000000a   Data   RW         6141    .data               control_task.o
    0x2000008e   0x00000002   PAD
    0x20000090   0x00000014   Zero   RW         5218    .bss                main.o
    0x200000a4   0x00000014   Zero   RW         5219    .bss                main.o
    0x200000b8   0x00000132   Zero   RW         5422    .bss                bsp_debug_usart.o
    0x200001ea   0x00000002   PAD
    0x200001ec   0x000003f8   Zero   RW         5776    .bss                my_dac.o
    0x200005e4   0x00000014   Zero   RW         5894    .bss                my_rs485.o
    0x200005f8   0x000001b6   Zero   RW         6000    .bss                data_protocol.o
    0x200007ae   0x00000002   PAD
    0x200007b0   0x00000010   Zero   RW         6140    .bss                control_task.o
    0x200007c0   0x00000080   Zero   RW         6236    .bss                pid.o
    0x20000840   0x00000400   Zero   RW         6311    .bss                oled.o
    0x20000c40   0x00000400   Zero   RW            1    STACK               startup_stm32f429_439xx.o


==============================================================================

Image component sizes


      Code (inc. data)   RO Data    RW Data    ZI Data      Debug   Object Name

       140          8          0          0          0        759   _ramfunc.o
       272         68          0         28          0       4555   autocar.o
       388         16          0          0          0       4339   bsp_can.o
       728         66          0          2        306       5766   bsp_debug_usart.o
       116         10          0          0          0        630   bsp_led.o
       602         44          0         10         16       4028   control_task.o
       732         50          0         12        438      11067   data_protocol.o
       324         32          0          0          0       3214   dw_contrl.o
         0          0       5498          0          0       1303   font.o
       408         80          0          8         40       2182   main.o
       124         16          0          0          0       1879   misc.o
       216         36          0          0          0       1423   my_brake.o
       516         54          0          4       1016       5929   my_dac.o
       546         44          0         16         20       4035   my_rs485.o
       104         20          0          4          0      29053   my_systick.o
      1642         76          0          0       1024      13282   oled.o
       298         16          0          0        128       2324   pid.o
        36          8        428          0       1024        996   startup_stm32f429_439xx.o
       256         20          0          0          0       4541   stm32f4xx_adc.o
      1244         22          0          0          0       9168   stm32f4xx_can.o
       156         24          0          0          0       4237   stm32f4xx_dac.o
        84          4          0          0          0       2059   stm32f4xx_dma.o
       178          0          0          0          0       4091   stm32f4xx_gpio.o
       674         58          0         20          0       7711   stm32f4xx_it.o
       304         46          0         16          0       6745   stm32f4xx_rcc.o
       220         28          0          0          0       5692   stm32f4xx_tim.o
       404          8          0          0          0       7990   stm32f4xx_usart.o
       304         34          0         20          0     336577   system_stm32f4xx.o
       126          0          0          0          0       1797   timer.o

    ----------------------------------------------------------------------
     11174        888       5960        144       4016     487372   Object Totals
         0          0         32          0          0          0   (incl. Generated)
        32          0          2          4          4          0   (incl. Padding)

    ----------------------------------------------------------------------

      Code (inc. data)   RO Data    RW Data    ZI Data      Debug   Library Member Name

         0          0          0          0          0          0   entry.o
         0          0          0          0          0          0   entry10a.o
         0          0          0          0          0          0   entry11a.o
         8          4          0          0          0          0   entry2.o
         4          0          0          0          0          0   entry5.o
         0          0          0          0          0          0   entry7b.o
         0          0          0          0          0          0   entry8b.o
         8          4          0          0          0          0   entry9a.o
        30          0          0          0          0          0   handlers.o
        36          8          0          0          0         68   init.o
         0          0          0          0          0          0   iusefp.o
        30          0          0          0          0         68   llshl.o
        32          0          0          0          0         68   llushr.o
       186          0          0          0          0        176   depilogue.o
        50          0          0          0          0         76   dfixui.o
        26          0          0          0          0         76   dfltui.o
       228          0          0          0          0         96   dmul.o

    ----------------------------------------------------------------------
       642         16          0          0          0        628   Library Totals
         4          0          0          0          0          0   (incl. Padding)

    ----------------------------------------------------------------------

      Code (inc. data)   RO Data    RW Data    ZI Data      Debug   Library Name

       148         16          0          0          0        204   mc_w.l
       490          0          0          0          0        424   mf_w.l

    ----------------------------------------------------------------------
       642         16          0          0          0        628   Library Totals

    ----------------------------------------------------------------------

==============================================================================


      Code (inc. data)   RO Data    RW Data    ZI Data      Debug   

     11816        904       5960        144       4016     474444   Grand Totals
     11816        904       5960        144       4016     474444   ELF Image Totals
     11816        904       5960        144          0          0   ROM Totals

==============================================================================

    Total RO  Size (Code + RO Data)                17776 (  17.36kB)
    Total RW  Size (RW Data + ZI Data)              4160 (   4.06kB)
    Total ROM Size (Code + RO Data + RW Data)      17920 (  17.50kB)

==============================================================================

